Archive member included to satisfy reference by file (symbol)

C:/ST/STM32CubeIDE_1.18.1/STM32CubeIDE/plugins/com.st.stm32cube.ide.mcu.externaltools.gnu-tools-for-stm32.13.3.rel1.win32_1.0.0.202411081344/tools/bin/../lib/gcc/arm-none-eabi/13.3.1/../../../../arm-none-eabi/lib/thumb/v7e-m+fp/hard\libstdc++_nano.a(del_opv.o)
                              ./Core/Src/gc9a01a.o (operator delete[](void*))
C:/ST/STM32CubeIDE_1.18.1/STM32CubeIDE/plugins/com.st.stm32cube.ide.mcu.externaltools.gnu-tools-for-stm32.13.3.rel1.win32_1.0.0.202411081344/tools/bin/../lib/gcc/arm-none-eabi/13.3.1/../../../../arm-none-eabi/lib/thumb/v7e-m+fp/hard\libstdc++_nano.a(guard.o)
                              ./Core/Src/watchdog.o (__cxa_guard_acquire)
C:/ST/STM32CubeIDE_1.18.1/STM32CubeIDE/plugins/com.st.stm32cube.ide.mcu.externaltools.gnu-tools-for-stm32.13.3.rel1.win32_1.0.0.202411081344/tools/bin/../lib/gcc/arm-none-eabi/13.3.1/../../../../arm-none-eabi/lib/thumb/v7e-m+fp/hard\libstdc++_nano.a(new_op.o)
                              ./Core/Src/main_cpp.o (operator new(unsigned int))
C:/ST/STM32CubeIDE_1.18.1/STM32CubeIDE/plugins/com.st.stm32cube.ide.mcu.externaltools.gnu-tools-for-stm32.13.3.rel1.win32_1.0.0.202411081344/tools/bin/../lib/gcc/arm-none-eabi/13.3.1/../../../../arm-none-eabi/lib/thumb/v7e-m+fp/hard\libstdc++_nano.a(new_opv.o)
                              ./Core/Src/gc9a01a.o (operator new[](unsigned int))
C:/ST/STM32CubeIDE_1.18.1/STM32CubeIDE/plugins/com.st.stm32cube.ide.mcu.externaltools.gnu-tools-for-stm32.13.3.rel1.win32_1.0.0.202411081344/tools/bin/../lib/gcc/arm-none-eabi/13.3.1/../../../../arm-none-eabi/lib/thumb/v7e-m+fp/hard\libstdc++_nano.a(del_op.o)
                              C:/ST/STM32CubeIDE_1.18.1/STM32CubeIDE/plugins/com.st.stm32cube.ide.mcu.externaltools.gnu-tools-for-stm32.13.3.rel1.win32_1.0.0.202411081344/tools/bin/../lib/gcc/arm-none-eabi/13.3.1/../../../../arm-none-eabi/lib/thumb/v7e-m+fp/hard\libstdc++_nano.a(del_opv.o) (operator delete(void*))
C:/ST/STM32CubeIDE_1.18.1/STM32CubeIDE/plugins/com.st.stm32cube.ide.mcu.externaltools.gnu-tools-for-stm32.13.3.rel1.win32_1.0.0.202411081344/tools/bin/../lib/gcc/arm-none-eabi/13.3.1/../../../../arm-none-eabi/lib/thumb/v7e-m+fp/hard\libstdc++_nano.a(new_handler.o)
                              C:/ST/STM32CubeIDE_1.18.1/STM32CubeIDE/plugins/com.st.stm32cube.ide.mcu.externaltools.gnu-tools-for-stm32.13.3.rel1.win32_1.0.0.202411081344/tools/bin/../lib/gcc/arm-none-eabi/13.3.1/../../../../arm-none-eabi/lib/thumb/v7e-m+fp/hard\libstdc++_nano.a(new_op.o) (std::get_new_handler())
C:/ST/STM32CubeIDE_1.18.1/STM32CubeIDE/plugins/com.st.stm32cube.ide.mcu.externaltools.gnu-tools-for-stm32.13.3.rel1.win32_1.0.0.202411081344/tools/bin/../lib/gcc/arm-none-eabi/13.3.1/../../../../arm-none-eabi/lib/thumb/v7e-m+fp/hard\libm.a(libm_a-w_pow.o)
                              ./Core/Src/BMXX80.o (pow)
C:/ST/STM32CubeIDE_1.18.1/STM32CubeIDE/plugins/com.st.stm32cube.ide.mcu.externaltools.gnu-tools-for-stm32.13.3.rel1.win32_1.0.0.202411081344/tools/bin/../lib/gcc/arm-none-eabi/13.3.1/../../../../arm-none-eabi/lib/thumb/v7e-m+fp/hard\libm.a(libm_a-wf_pow.o)
                              ./Core/Src/BMXX80.o (powf)
C:/ST/STM32CubeIDE_1.18.1/STM32CubeIDE/plugins/com.st.stm32cube.ide.mcu.externaltools.gnu-tools-for-stm32.13.3.rel1.win32_1.0.0.202411081344/tools/bin/../lib/gcc/arm-none-eabi/13.3.1/../../../../arm-none-eabi/lib/thumb/v7e-m+fp/hard\libm.a(libm_a-s_finite.o)
                              C:/ST/STM32CubeIDE_1.18.1/STM32CubeIDE/plugins/com.st.stm32cube.ide.mcu.externaltools.gnu-tools-for-stm32.13.3.rel1.win32_1.0.0.202411081344/tools/bin/../lib/gcc/arm-none-eabi/13.3.1/../../../../arm-none-eabi/lib/thumb/v7e-m+fp/hard\libm.a(libm_a-w_pow.o) (finite)
C:/ST/STM32CubeIDE_1.18.1/STM32CubeIDE/plugins/com.st.stm32cube.ide.mcu.externaltools.gnu-tools-for-stm32.13.3.rel1.win32_1.0.0.202411081344/tools/bin/../lib/gcc/arm-none-eabi/13.3.1/../../../../arm-none-eabi/lib/thumb/v7e-m+fp/hard\libm.a(libm_a-sf_finite.o)
                              C:/ST/STM32CubeIDE_1.18.1/STM32CubeIDE/plugins/com.st.stm32cube.ide.mcu.externaltools.gnu-tools-for-stm32.13.3.rel1.win32_1.0.0.202411081344/tools/bin/../lib/gcc/arm-none-eabi/13.3.1/../../../../arm-none-eabi/lib/thumb/v7e-m+fp/hard\libm.a(libm_a-wf_pow.o) (finitef)
C:/ST/STM32CubeIDE_1.18.1/STM32CubeIDE/plugins/com.st.stm32cube.ide.mcu.externaltools.gnu-tools-for-stm32.13.3.rel1.win32_1.0.0.202411081344/tools/bin/../lib/gcc/arm-none-eabi/13.3.1/../../../../arm-none-eabi/lib/thumb/v7e-m+fp/hard\libm.a(libm_a-s_round.o)
                              ./Core/Src/BMXX80.o (round)
C:/ST/STM32CubeIDE_1.18.1/STM32CubeIDE/plugins/com.st.stm32cube.ide.mcu.externaltools.gnu-tools-for-stm32.13.3.rel1.win32_1.0.0.202411081344/tools/bin/../lib/gcc/arm-none-eabi/13.3.1/../../../../arm-none-eabi/lib/thumb/v7e-m+fp/hard\libm.a(libm_a-e_pow.o)
[...]
Memory Configuration

Name             Origin             Length             Attributes
RAM              0x20000000         0x00020000         xrw
FLASH            0x08000000         0x00060000         xr
RESERVED_EEPROM  0x08040000         0x00040000         xr
*default*        0x00000000         0xffffffff

Linker script and memory map

LOAD C:/ST/STM32CubeIDE_1.18.1/STM32CubeIDE/plugins/com.st.stm32cube.ide.mcu.externaltools.gnu-tools-for-stm32.13.3.rel1.win32_1.0.0.202411081344/tools/bin/../lib/gcc/arm-none-eabi/13.3.1/thumb/v7e-m+fp/hard/crti.o
LOAD C:/ST/STM32CubeIDE_1.18.1/STM32CubeIDE/plugins/com.st.stm32cube.ide.mcu.externaltools.gnu-tools-for-stm32.13.3.rel1.win32_1.0.0.202411081344/tools/bin/../lib/gcc/arm-none-eabi/13.3.1/thumb/v7e-m+fp/hard/crtbegin.o
LOAD C:/ST/STM32CubeIDE_1.18.1/STM32CubeIDE/plugins/com.st.stm32cube.ide.mcu.externaltools.gnu-tools-for-stm32.13.3.rel1.win32_1.0.0.202411081344/tools/bin/../lib/gcc/arm-none-eabi/13.3.1/../../../../arm-none-eabi/lib/thumb/v7e-m+fp/hard/crt0.o
LOAD ./Core/Src/BMXX80.o
LOAD ./Core/Src/ButtonHandler.o
LOAD ./Core/Src/bme_display_task.o
LOAD ./Core/Src/delays.o
LOAD ./Core/Src/dma.o
LOAD ./Core/Src/eeprom.o
LOAD ./Core/Src/esp8266.o
LOAD ./Core/Src/esp_wifi.o
LOAD ./Core/Src/freertos.o
LOAD ./Core/Src/gc9a01a.o
LOAD ./Core/Src/gpio.o
LOAD ./Core/Src/i2c.o
LOAD ./Core/Src/iwdg.o
LOAD ./Core/Src/led.o
LOAD ./Core/Src/main.o
LOAD ./Core/Src/main_cpp.o
LOAD ./Core/Src/my_app.o
LOAD ./Core/Src/sensor_task.o
LOAD ./Core/Src/spi.o
LOAD ./Core/Src/stm32f4xx_hal_msp.o
LOAD ./Core/Src/stm32f4xx_hal_timebase_tim.o
LOAD ./Core/Src/stm32f4xx_it.o
LOAD ./Core/Src/syscalls.o
LOAD ./Core/Src/sysmem.o
LOAD ./Core/Src/system_stm32f4xx.o
LOAD ./Core/Src/tim.o
LOAD ./Core/Src/usart.o
LOAD ./Core/Src/watchdog.o
LOAD ./Core/Src/my_fonts/fontData6x8.o
LOAD ./Core/Src/my_fonts/fontData9x16.o
LOAD ./Core/Src/my_fonts/logo_thaleo.o
LOAD ./Core/Src/my_fonts/my_fonts.o
LOAD ./Core/Startup/startup_stm32f446retx.o
LOAD ./Drivers/STM32F4xx_HAL_Driver/Src/stm32f4xx_hal.o
LOAD ./Drivers/STM32F4xx_HAL_Driver/Src/stm32f4xx_hal_cortex.o
LOAD ./Drivers/STM32F4xx_HAL_Driver/Src/stm32f4xx_hal_dma.o
LOAD ./Drivers/STM32F4xx_HAL_Driver/Src/stm32f4xx_hal_dma_ex.o
LOAD ./Drivers/STM32F4xx_HAL_Driver/Src/stm32f4xx_hal_exti.o
LOAD ./Drivers/STM32F4xx_HAL_Driver/Src/stm32f4xx_hal_flash.o
LOAD ./Drivers/STM32F4xx_HAL_Driver/Src/stm32f4xx_hal_flash_ex.o
LOAD ./Drivers/STM32F4xx_HAL_Driver/Src/stm32f4xx_hal_flash_ramfunc.o
LOAD ./Drivers/STM32F4xx_HAL_Driver/Src/stm32f4xx_hal_gpio.o
LOAD ./Drivers/STM32F4xx_HAL_Driver/Src/stm32f4xx_hal_i2c.o
LOAD ./Drivers/STM32F4xx_HAL_Driver/Src/stm32f4xx_hal_i2c_ex.o
LOAD ./Drivers/STM32F4xx_HAL_Driver/Src/stm32f4xx_hal_iwdg.o
LOAD ./Drivers/STM32F4xx_HAL_Driver/Src/stm32f4xx_hal_pwr.o
LOAD ./Drivers/STM32F4xx_HAL_Driver/Src/stm32f4xx_hal_pwr_ex.o
LOAD ./Drivers/STM32F4xx_HAL_Driver/Src/stm32f4xx_hal_rcc.o
LOAD ./Drivers/STM32F4xx_HAL_Driver/Src/stm32f4xx_hal_rcc_ex.o
LOAD ./Drivers/STM32F4xx_HAL_Driver/Src/stm32f4xx_hal_spi.o
LOAD ./Drivers/STM32F4xx_HAL_Driver/Src/stm32f4xx_hal_tim.o
LOAD ./Drivers/STM32F4xx_HAL_Driver/Src/stm32f4xx_hal_tim_ex.o
LOAD ./Drivers/STM32F4xx_HAL_Driver/Src/stm32f4xx_hal_uart.o
LOAD ./Middlewares/Third_Party/FreeRTOS/Source/CMSIS_RTOS/cmsis_os.o
LOAD ./Middlewares/Third_Party/FreeRTOS/Source/croutine.o
LOAD ./Middlewares/Third_Party/FreeRTOS/Source/event_groups.o
LOAD ./Middlewares/Third_Party/FreeRTOS/Source/list.o
LOAD ./Middlewares/Third_Party/FreeRTOS/Source/queue.o
LOAD ./Middlewares/Third_Party/FreeRTOS/Source/stream_buffer.o
LOAD ./Middlewares/Third_Party/FreeRTOS/Source/tasks.o
LOAD ./Middlewares/Third_Party/FreeRTOS/Source/timers.o
LOAD ./Middlewares/Third_Party/FreeRTOS/Source/portable/GCC/ARM_CM4F/port.o
LOAD ./Middlewares/Third_Party/FreeRTOS/Source/portable/MemMang/heap_4.o
START GROUP
LOAD C:/ST/STM32CubeIDE_1.18.1/STM32CubeIDE/plugins/com.st.stm32cube.ide.mcu.externaltools.gnu-tools-for-stm32.13.3.rel1.win32_1.0.0.202411081344/tools/bin/../lib/gcc/arm-none-eabi/13.3.1/../../../../arm-none-eabi/lib/thumb/v7e-m+fp/hard\libstdc++_nano.a
LOAD C:/ST/STM32CubeIDE_1.18.1/STM32CubeIDE/plugins/com.st.stm32cube.ide.mcu.externaltools.gnu-tools-for-stm32.13.3.rel1.win32_1.0.0.202411081344/tools/bin/../lib/gcc/arm-none-eabi/13.3.1/../../../../arm-none-eabi/lib/thumb/v7e-m+fp/hard\libsupc++_nano.a
END GROUP
LOAD C:/ST/STM32CubeIDE_1.18.1/STM32CubeIDE/plugins/com.st.stm32cube.ide.mcu.externaltools.gnu-tools-for-stm32.13.3.rel1.win32_1.0.0.202411081344/tools/bin/../lib/gcc/arm-none-eabi/13.3.1/../../../../arm-none-eabi/lib/thumb/v7e-m+fp/hard\libstdc++_nano.a
LOAD C:/ST/STM32CubeIDE_1.18.1/STM32CubeIDE/plugins/com.st.stm32cube.ide.mcu.externaltools.gnu-tools-for-stm32.13.3.rel1.win32_1.0.0.202411081344/tools/bin/../lib/gcc/arm-none-eabi/13.3.1/../../../../arm-none-eabi/lib/thumb/v7e-m+fp/hard\libm.a
LOAD C:/ST/STM32CubeIDE_1.18.1/STM32CubeIDE/plugins/com.st.stm32cube.ide.mcu.externaltools.gnu-tools-for-stm32.13.3.rel1.win32_1.0.0.202411081344/tools/bin/../lib/gcc/arm-none-eabi/13.3.1/../../../../arm-none-eabi/lib/thumb/v7e-m+fp/hard\libc_nano.a
START GROUP
LOAD C:/ST/STM32CubeIDE_1.18.1/STM32CubeIDE/plugins/com.st.stm32cube.ide.mcu.externaltools.gnu-tools-for-stm32.13.3.rel1.win32_1.0.0.202411081344/tools/bin/../lib/gcc/arm-none-eabi/13.3.1/thumb/v7e-m+fp/hard\libgcc.a
LOAD C:/ST/STM32CubeIDE_1.18.1/STM32CubeIDE/plugins/com.st.stm32cube.ide.mcu.externaltools.gnu-tools-for-stm32.13.3.rel1.win32_1.0.0.202411081344/tools/bin/../lib/gcc/arm-none-eabi/13.3.1/../../../../arm-none-eabi/lib/thumb/v7e-m+fp/hard\libc_nano.a
END GROUP
START GROUP
LOAD C:/ST/STM32CubeIDE_1.18.1/STM32CubeIDE/plugins/com.st.stm32cube.ide.mcu.externaltools.gnu-tools-for-stm32.13.3.rel1.win32_1.0.0.202411081344/tools/bin/../lib/gcc/arm-none-eabi/13.3.1/thumb/v7e-m+fp/hard\libgcc.a
LOAD C:/ST/STM32CubeIDE_1.18.1/STM32CubeIDE/plugins/com.st.stm32cube.ide.mcu.externaltools.gnu-tools-for-stm32.13.3.rel1.win32_1.0.0.202411081344/tools/bin/../lib/gcc/arm-none-eabi/13.3.1/../../../../arm-none-eabi/lib/thumb/v7e-m+fp/hard\libc_nano.a
LOAD C:/ST/STM32CubeIDE_1.18.1/STM32CubeIDE/plugins/com.st.stm32cube.ide.mcu.externaltools.gnu-tools-for-stm32.13.3.rel1.win32_1.0.0.202411081344/tools/bin/../lib/gcc/arm-none-eabi/13.3.1/../../../../arm-none-eabi/lib/thumb/v7e-m+fp/hard\libnosys.a
END GROUP
START GROUP
LOAD C:/ST/STM32CubeIDE_1.18.1/STM32CubeIDE/plugins/com.st.stm32cube.ide.mcu.externaltools.gnu-tools-for-stm32.13.3.rel1.win32_1.0.0.202411081344/tools/bin/../lib/gcc/arm-none-eabi/13.3.1/thumb/v7e-m+fp/hard\libgcc.a
LOAD C:/ST/STM32CubeIDE_1.18.1/STM32CubeIDE/plugins/com.st.stm32cube.ide.mcu.externaltools.gnu-tools-for-stm32.13.3.rel1.win32_1.0.0.202411081344/tools/bin/../lib/gcc/arm-none-eabi/13.3.1/../../../../arm-none-eabi/lib/thumb/v7e-m+fp/hard\libc_nano.a
LOAD C:/ST/STM32CubeIDE_1.18.1/STM32CubeIDE/plugins/com.st.stm32cube.ide.mcu.externaltools.gnu-tools-for-stm32.13.3.rel1.win32_1.0.0.202411081344/tools/bin/../lib/gcc/arm-none-eabi/13.3.1/../../../../arm-none-eabi/lib/thumb/v7e-m+fp/hard\libnosys.a
END GROUP
LOAD C:/ST/STM32CubeIDE_1.18.1/STM32CubeIDE/plugins/com.st.stm32cube.ide.mcu.externaltools.gnu-tools-for-stm32.13.3.rel1.win32_1.0.0.202411081344/tools/bin/../lib/gcc/arm-none-eabi/13.3.1/thumb/v7e-m+fp/hard/crtend.o
LOAD C:/ST/STM32CubeIDE_1.18.1/STM32CubeIDE/plugins/com.st.stm32cube.ide.mcu.externaltools.gnu-tools-for-stm32.13.3.rel1.win32_1.0.0.202411081344/tools/bin/../lib/gcc/arm-none-eabi/13.3.1/thumb/v7e-m+fp/hard/crtn.o
                0x20020000                        _estack = (ORIGIN (RAM) + LENGTH (RAM))
                0x00000200                        _Min_Heap_Size = 0x200
                0x00000400                        _Min_Stack_Size = 0x400

.isr_vector     0x08000000      0x1c4
                0x08000000                        . = ALIGN (0x4)
 *(.isr_vector)
 .isr_vector    0x08000000      0x1c4 ./Core/Startup/startup_stm32f446retx.o
                0x08000000                g_pfnVectors
                0x080001c4                        . = ALIGN (0x4)

.text           0x080001d0    0x125c0
                0x080001d0                        . = ALIGN (0x4)
 *(.text)
 .text          0x080001d0       0x40 C:/ST/STM32CubeIDE_1.18.1/STM32CubeIDE/plugins/com.st.stm32cube.ide.mcu.externaltools.gnu-tools-for-stm32.13.3.rel1.win32_1.0.0.202411081344/tools/bin/../lib/gcc/arm-none-eabi/13.3.1/thumb/v7e-m+fp/hard/crtbegin.o
 .text          0x08000210       0x14 C:/ST/STM32CubeIDE_1.18.1/STM32CubeIDE/plugins/com.st.stm32cube.ide.mcu.externaltools.gnu-tools-for-stm32.13.3.rel1.win32_1.0.0.202411081344/tools/bin/../lib/gcc/arm-none-eabi/13.3.1/../../../../arm-none-eabi/lib/thumb/v7e-m+fp/hard\libc_nano.a(libc_a-strcmp.o)
                0x08000210                strcmp
 *fill*         0x08000224        0xc 
 .text          0x08000230       0xa0 C:/ST/STM32CubeIDE_1.18.1/STM32CubeIDE/plugins/com.st.stm32cube.ide.mcu.externaltools.gnu-tools-for-stm32.13.3.rel1.win32_1.0.0.202411081344/tools/bin/../lib/gcc/arm-none-eabi/13.3.1/../../../../arm-none-eabi/lib/thumb/v7e-m+fp/hard\libc_nano.a(libc_a-memchr.o)
                0x08000230                memchr
 .text          0x080002d0       0x10 C:/ST/STM32CubeIDE_1.18.1/STM32CubeIDE/plugins/com.st.stm32cube.ide.mcu.externaltools.gnu-tools-for-stm32.13.3.rel1.win32_1.0.0.202411081344/tools/bin/../lib/gcc/arm-none-eabi/13.3.1/../../../../arm-none-eabi/lib/thumb/v7e-m+fp/hard\libc_nano.a(libc_a-strlen.o)
                0x080002d0                strlen
 .text          0x080002e0      0x378 C:/ST/STM32CubeIDE_1.18.1/STM32CubeIDE/plugins/com.st.stm32cube.ide.mcu.externaltools.gnu-tools-for-stm32.13.3.rel1.win32_1.0.0.202411081344/tools/bin/../lib/gcc/arm-none-eabi/13.3.1/thumb/v7e-m+fp/hard\libgcc.a(_arm_addsubdf3.o)
                0x080002e0                __aeabi_drsub
                0x080002e8                __aeabi_dsub
                0x080002e8                __subdf3
                0x080002ec                __aeabi_dadd
                0x080002ec                __adddf3
                0x08000564                __floatunsidf
                0x08000564                __aeabi_ui2d
                0x08000584                __floatsidf
                0x08000584                __aeabi_i2d
                0x080005a8                __aeabi_f2d
                0x080005a8                __extendsfdf2
                0x080005ec                __floatundidf
                0x080005ec                __aeabi_ul2d
                0x080005fc                __floatdidf
                0x080005fc                __aeabi_l2d
 .text          0x08000658      0x424 C:/ST/STM32CubeIDE_1.18.1/STM32CubeIDE/plugins/com.st.stm32cube.ide.mcu.externaltools.gnu-tools-for-stm32.13.3.rel1.win32_1.0.0.202411081344/tools/bin/../lib/gcc/arm-none-eabi/13.3.1/thumb/v7e-m+fp/hard\libgcc.a(_arm_muldivdf3.o)
                0x08000658                __aeabi_dmul
                0x08000658                __muldf3
                0x080008ac                __divdf3
                0x080008ac                __aeabi_ddiv
 .text          0x08000a7c      0x110 C:/ST/STM32CubeIDE_1.18.1/STM32CubeIDE/plugins/com.st.stm32cube.ide.mcu.externaltools.gnu-tools-for-stm32.13.3.rel1.win32_1.0.0.202411081344/tools/bin/../lib/gcc/arm-none-eabi/13.3.1/thumb/v7e-m+fp/hard\libgcc.a(_arm_cmpdf2.o)
                0x08000a7c                __gtdf2
                0x08000a7c                __gedf2
                0x08000a84                __ltdf2
                0x08000a84                __ledf2
                0x08000a8c                __nedf2
                0x08000a8c                __eqdf2
                0x08000a8c                __cmpdf2
                0x08000b08                __aeabi_cdrcmple
                0x08000b18                __aeabi_cdcmpeq
                0x08000b18                __aeabi_cdcmple
                0x08000b28                __aeabi_dcmpeq
                0x08000b3c                __aeabi_dcmplt
                0x08000b50                __aeabi_dcmple
                0x08000b64                __aeabi_dcmpge
                0x08000b78                __aeabi_dcmpgt
 .text          0x08000b8c       0x2c C:/ST/STM32CubeIDE_1.18.1/STM32CubeIDE/plugins/com.st.stm32cube.ide.mcu.externaltools.gnu-tools-for-stm32.13.3.rel1.win32_1.0.0.202411081344/tools/bin/../lib/gcc/arm-none-eabi/13.3.1/thumb/v7e-m+fp/hard\libgcc.a(_arm_unorddf2.o)
                0x08000b8c                __unorddf2
                0x08000b8c                __aeabi_dcmpun
 .text          0x08000bb8       0x50 C:/ST/STM32CubeIDE_1.18.1/STM32CubeIDE/plugins/com.st.stm32cube.ide.mcu.externaltools.gnu-tools-for-stm32.13.3.rel1.win32_1.0.0.202411081344/tools/bin/../lib/gcc/arm-none-eabi/13.3.1/thumb/v7e-m+fp/hard\libgcc.a(_arm_fixdfsi.o)
                0x08000bb8                __aeabi_d2iz
                0x08000bb8                __fixdfsi
 .text          0x08000c08       0x40 C:/ST/STM32CubeIDE_1.18.1/STM32CubeIDE/plugins/com.st.stm32cube.ide.mcu.externaltools.gnu-tools-for-stm32.13.3.rel1.win32_1.0.0.202411081344/tools/bin/../lib/gcc/arm-none-eabi/13.3.1/thumb/v7e-m+fp/hard\libgcc.a(_arm_fixunsdfsi.o)
                0x08000c08                __aeabi_d2uiz
                0x08000c08                __fixunsdfsi
 .text          0x08000c48       0xa0 C:/ST/STM32CubeIDE_1.18.1/STM32CubeIDE/plugins/com.st.stm32cube.ide.mcu.externaltools.gnu-tools-for-stm32.13.3.rel1.win32_1.0.0.202411081344/tools/bin/../lib/gcc/arm-none-eabi/13.3.1/thumb/v7e-m+fp/hard\libgcc.a(_aeabi_ldivmod.o)
                0x08000c48                __aeabi_ldivmod
 .text          0x08000ce8       0x30 C:/ST/STM32CubeIDE_1.18.1/STM32CubeIDE/plugins/com.st.stm32cube.ide.mcu.externaltools.gnu-tools-for-stm32.13.3.rel1.win32_1.0.0.202411081344/tools/bin/../lib/gcc/arm-none-eabi/13.3.1/thumb/v7e-m+fp/hard\libgcc.a(_aeabi_uldivmod.o)
                0x08000ce8                __aeabi_uldivmod
 .text          0x08000d18      0x2f8 C:/ST/STM32CubeIDE_1.18.1/STM32CubeIDE/plugins/com.st.stm32cube.ide.mcu.externaltools.gnu-tools-for-stm32.13.3.rel1.win32_1.0.0.202411081344/tools/bin/../lib/gcc/arm-none-eabi/13.3.1/thumb/v7e-m+fp/hard\libgcc.a(_udivmoddi4.o)
                0x08000d18                __udivmoddi4
 .text          0x08001010        0x4 C:/ST/STM32CubeIDE_1.18.1/STM32CubeIDE/plugins/com.st.stm32cube.ide.mcu.externaltools.gnu-tools-for-stm32.13.3.rel1.win32_1.0.0.202411081344/tools/bin/../lib/gcc/arm-none-eabi/13.3.1/thumb/v7e-m+fp/hard\libgcc.a(_dvmd_tls.o)
                0x08001010                __aeabi_idiv0
                0x08001010                __aeabi_ldiv0
 *(.text*)
 .text.BME280_Read8
                0x08001014       0x3c ./Core/Src/BMXX80.o
                0x08001014                BME280_Read8
 .text.BME280_Read16
                0x08001050       0x48 ./Core/Src/BMXX80.o
                0x08001050                BME280_Read16
 .text.BME280_Read16LE
                0x08001098       0x34 ./Core/Src/BMXX80.o
                0x08001098                BME280_Read16LE
 .text.BME280_Write8
                0x080010cc       0x38 ./Core/Src/BMXX80.o
                0x080010cc                BME280_Write8
 .text.BME280_Read24
                0x08001104       0x44 ./Core/Src/BMXX80.o
                0x08001104                BME280_Read24
 .text.BME280_IsReadingCalibration
                0x08001148       0x28 ./Core/Src/BMXX80.o
                0x08001148                BME280_IsReadingCalibration
 .text.BME280_SetConfig
                0x08001170       0x42 ./Core/Src/BMXX80.o
                0x08001170                BME280_SetConfig
 *fill*         0x080011b2        0x2 
 .text.BME280_Init
                0x080011b4      0x2c0 ./Core/Src/BMXX80.o
                0x080011b4                BME280_Init
 .text.BME280_ReadTemperature
                0x08001474      0x120 ./Core/Src/BMXX80.o
                0x08001474                BME280_ReadTemperature
 .text.BME280_ReadPressure
                0x08001594      0x5a8 ./Core/Src/BMXX80.o
                0x08001594                BME280_ReadPressure
 .text.BME280_ReadTemperatureAndPressureAndHuminidity
                0x08001b3c      0x6f8 ./Core/Src/BMXX80.o
                0x08001b3c                BME280_ReadTemperatureAndPressureAndHuminidity
 .text.BME280_GetSeaLevelPressure
                0x08002234       0x80 ./Core/Src/BMXX80.o
                0x08002234                BME280_GetSeaLevelPressure
 .text._ZN13ButtonHandlerC2EP12GPIO_TypeDeftP19tskTaskControlBlock
                0x080022b4       0x3c ./Core/Src/ButtonHandler.o
                0x080022b4                ButtonHandler::ButtonHandler(GPIO_TypeDef*, unsigned short, tskTaskControlBlock*)
                0x080022b4                ButtonHandler::ButtonHandler(GPIO_TypeDef*, unsigned short, tskTaskControlBlock*)
 .text._ZN13ButtonHandler5startEv
                0x080022f0       0x30 ./Core/Src/ButtonHandler.o
                0x080022f0                ButtonHandler::start()
 .text._ZN13ButtonHandler9taskEntryEPv
                0x08002320       0x16 ./Core/Src/ButtonHandler.o
                0x08002320                ButtonHandler::taskEntry(void*)
 *fill*         0x08002336        0x2 
 .text._ZN13ButtonHandler11onInterruptEv
                0x08002338       0x48 ./Core/Src/ButtonHandler.o
                0x08002338                ButtonHandler::onInterrupt()
 .text._ZN13ButtonHandler8taskLoopEv
                0x08002380       0xdc ./Core/Src/ButtonHandler.o
                0x08002380                ButtonHandler::taskLoop()
 .text._Z12SaveColorIdxh
                0x0800245c       0x98 ./Core/Src/bme_display_task.o
                0x0800245c                SaveColorIdx(unsigned char)
 .text._Z12ReadColorIdxv
                0x080024f4       0x38 ./Core/Src/bme_display_task.o
                0x080024f4                ReadColorIdx()
 .text._Z8lcd_initPKh
                0x0800252c       0xc8 ./Core/Src/bme_display_task.o
                0x0800252c                lcd_init(unsigned char const*)
 .text._Z21updateDisplayIfNeededb
                0x080025f4      0x1d0 ./Core/Src/bme_display_task.o
                0x080025f4                updateDisplayIfNeeded(bool)
 .text._Z17show_weather_datav
                0x080027c4      0x29c ./Core/Src/bme_display_task.o
                0x080027c4                show_weather_data()
 .text._Z16BME_Display_TaskPv
                0x08002a60       0x20 ./Core/Src/bme_display_task.o
                0x08002a60                BME_Display_Task(void*)
 .text._Z41__static_initialization_and_destruction_0v
                0x08002a80       0x80 ./Core/Src/bme_display_task.o
 .text._GLOBAL__sub_I_tft
                0x08002b00        0xa ./Core/Src/bme_display_task.o
 *fill*         0x08002b0a        0x2 
 .text.Delay_us
                0x08002b0c       0x34 ./Core/Src/delays.o
                0x08002b0c                Delay_us
 .text.MX_DMA_Init
                0x08002b40       0x40 ./Core/Src/dma.o
                0x08002b40                MX_DMA_Init
 .text.EE_Init  0x08002b80      0x3c0 ./Core/Src/eeprom.o
                0x08002b80                EE_Init
 .text.EE_VerifyPageFullyErased
                0x08002f40       0x52 ./Core/Src/eeprom.o
 *fill*         0x08002f92        0x2 
 .text.EE_ReadVariable
                0x08002f94       0x94 ./Core/Src/eeprom.o
                0x08002f94                EE_ReadVariable
 .text.EE_WriteVariable
                0x08003028       0x44 ./Core/Src/eeprom.o
                0x08003028                EE_WriteVariable
 .text.EE_Format
                0x0800306c       0xa4 ./Core/Src/eeprom.o
                0x0800306c                EE_Format
 .text.EE_FindValidPage
                0x08003110       0x8c ./Core/Src/eeprom.o
 .text.EE_VerifyPageFullWriteVariable
                0x0800319c       0xc4 ./Core/Src/eeprom.o
 .text.EE_PageTransfer
                0x08003260      0x178 ./Core/Src/eeprom.o
 .text._ZN7ESP8266C2EP20__UART_HandleTypeDefS1_
                0x080033d8       0x3c ./Core/Src/esp8266.o
                0x080033d8                ESP8266::ESP8266(__UART_HandleTypeDef*, __UART_HandleTypeDef*)
                0x080033d8                ESP8266::ESP8266(__UART_HandleTypeDef*, __UART_HandleTypeDef*)
 .text._ZN7ESP826610debugPrintEPKc
                0x08003414       0x3a ./Core/Src/esp8266.o
                0x08003414                ESP8266::debugPrint(char const*)
 *fill*         0x0800344e        0x2 
 .text._ZN7ESP826611sendCommandEPcS0_jm
                0x08003450      0x158 ./Core/Src/esp8266.o
                0x08003450                ESP8266::sendCommand(char*, char*, unsigned int, unsigned long)
 .text._ZN7ESP826613connectToWiFiEPKcS1_Pcj
                0x080035a8      0x128 ./Core/Src/esp8266.o
                0x080035a8                ESP8266::connectToWiFi(char const*, char const*, char*, unsigned int)
 .text._ZN7ESP826611isConnectedEPKc
                0x080036d0       0x78 ./Core/Src/esp8266.o
                0x080036d0                ESP8266::isConnected(char const*)
 .text._ZN7ESP826616sendToThingSpeakEPKcffl
                0x08003748      0x428 ./Core/Src/esp8266.o
                0x08003748                ESP8266::sendToThingSpeak(char const*, float, float, long)
 .text._ZN7ESP826610sendRawTcpEPKctS1_j
                0x08003b70      0x498 ./Core/Src/esp8266.o
                0x08003b70                ESP8266::sendRawTcp(char const*, unsigned short, char const*, unsigned int)
 .text._Z22sendDiagnosticsOverTCPR7ESP8266
                0x08004008      0x184 ./Core/Src/esp_wifi.o
                0x08004008                sendDiagnosticsOverTCP(ESP8266&)
 .text._Z13ESP_wifi_taskPv
                0x0800418c      0x244 ./Core/Src/esp_wifi.o
                0x0800418c                ESP_wifi_task(void*)
 .text._ZNSt5arrayIN15WatchdogManager8TaskInfoELj8EEixEj
                0x080043d0       0x24 ./Core/Src/esp_wifi.o
                0x080043d0                std::array<WatchdogManager::TaskInfo, 8u>::operator[](unsigned int)
 .text.vApplicationGetIdleTaskMemory
                0x080043f4       0x34 ./Core/Src/freertos.o
                0x080043f4                vApplicationGetIdleTaskMemory
 .text.MX_FREERTOS_Init
                0x08004428       0x38 ./Core/Src/freertos.o
                0x08004428                MX_FREERTOS_Init
 .text.StartDefaultTask
                0x08004460       0x10 ./Core/Src/freertos.o
                0x08004460                StartDefaultTask
 .text._ZN7GC9A01AC2EP19__SPI_HandleTypeDefP12GPIO_TypeDefmS3_mS3_mS3_m
                0x08004470       0x52 ./Core/Src/gc9a01a.o
                0x08004470                GC9A01A::GC9A01A(__SPI_HandleTypeDef*, GPIO_TypeDef*, unsigned long, GPIO_TypeDef*, unsigned long, GPIO_TypeDef*, unsigned long, GPIO_TypeDef*, unsigned long)
                0x08004470                GC9A01A::GC9A01A(__SPI_HandleTypeDef*, GPIO_TypeDef*, unsigned long, GPIO_TypeDef*, unsigned long, GPIO_TypeDef*, unsigned long, GPIO_TypeDef*, unsigned long)
 *fill*         0x080044c2        0x2 
 .text._ZN7GC9A01A4initEv
                0x080044c4       0xc8 ./Core/Src/gc9a01a.o
                0x080044c4                GC9A01A::init()
 .text._ZN7GC9A01A14configureParamEhPhh
                0x0800458c       0x4a ./Core/Src/gc9a01a.o
                0x0800458c                GC9A01A::configureParam(unsigned char, unsigned char*, unsigned char)
 .text._ZN7GC9A01A13setAddrWindowEtttt
                0x080045d6       0xba ./Core/Src/gc9a01a.o
                0x080045d6                GC9A01A::setAddrWindow(unsigned short, unsigned short, unsigned short, unsigned short)
 .text._ZN7GC9A01A10drawPixelsEttPttt
                0x08004690       0x6e ./Core/Src/gc9a01a.o
                0x08004690                GC9A01A::drawPixels(unsigned short, unsigned short, unsigned short*, unsigned short, unsigned short)
 .text._ZN7GC9A01A8fillRectEttttt
                0x080046fe      0x158 ./Core/Src/gc9a01a.o
                0x080046fe                GC9A01A::fillRect(unsigned short, unsigned short, unsigned short, unsigned short, unsigned short)
 .text._ZN7GC9A01A16drawCharToBufferEPtttcttPK10fontStructh
                0x08004856      0x140 ./Core/Src/gc9a01a.o
                0x08004856                GC9A01A::drawCharToBuffer(unsigned short*, unsigned short, unsigned short, char, unsigned short, unsigned short, fontStruct const*, unsigned char)
 *fill*         0x08004996        0x2 
 .text._ZN7GC9A01A15drawTextGenFastEttPKcttPK10fontStructhh
                0x08004998      0x128 ./Core/Src/gc9a01a.o
                0x08004998                GC9A01A::drawTextGenFast(unsigned short, unsigned short, char const*, unsigned short, unsigned short, fontStruct const*, unsigned char, unsigned char)
 .text._ZN7GC9A01A14setSpiDataSizeEm
                0x08004ac0       0x16 ./Core/Src/gc9a01a.o
                0x08004ac0                GC9A01A::setSpiDataSize(unsigned long)
 .text._ZN7GC9A01A19startSpiTransactionEv
                0x08004ad6       0x22 ./Core/Src/gc9a01a.o
                0x08004ad6                GC9A01A::startSpiTransaction()
 .text._ZN7GC9A01A17endSpiTransactionEv
                0x08004af8       0x22 ./Core/Src/gc9a01a.o
                0x08004af8                GC9A01A::endSpiTransaction()
 .text._ZN7GC9A01A15transmitCommandEh
                0x08004b1a       0x46 ./Core/Src/gc9a01a.o
                0x08004b1a                GC9A01A::transmitCommand(unsigned char)
 .text._ZN7GC9A01A12transmitDataEjPt
                0x08004b60       0x5a ./Core/Src/gc9a01a.o
                0x08004b60                GC9A01A::transmitData(unsigned int, unsigned short*)
 .text._ZNK7GC9A01A8getWidthEv
                0x08004bba       0x16 ./Core/Src/gc9a01a.o
                0x08004bba                GC9A01A::getWidth() const
 .text._ZNK7GC9A01A9getHeightEv
                0x08004bd0       0x16 ./Core/Src/gc9a01a.o
                0x08004bd0                GC9A01A::getHeight() const
 *fill*         0x08004be6        0x2 
 .text._ZN7GC9A01A14drawBitmap1bitEPKhtttt
                0x08004be8      0x108 ./Core/Src/gc9a01a.o
                0x08004be8                GC9A01A::drawBitmap1bit(unsigned char const*, unsigned short, unsigned short, unsigned short, unsigned short)
 .text.MX_GPIO_Init
                0x08004cf0      0x124 ./Core/Src/gpio.o
                0x08004cf0                MX_GPIO_Init
 .text.MX_I2C1_Init
                0x08004e14       0x5c ./Core/Src/i2c.o
                0x08004e14                MX_I2C1_Init
 .text.HAL_I2C_MspInit
                0x08004e70       0x90 ./Core/Src/i2c.o
                0x08004e70                HAL_I2C_MspInit
 .text.MX_IWDG_Init
                0x08004f00       0x34 ./Core/Src/iwdg.o
                0x08004f00                MX_IWDG_Init
 .text._ZN3LedC2EP12GPIO_TypeDeftt
                0x08004f34       0x5c ./Core/Src/led.o
                0x08004f34                Led::Led(GPIO_TypeDef*, unsigned short, unsigned short)
                0x08004f34                Led::Led(GPIO_TypeDef*, unsigned short, unsigned short)
 .text._ZN3Led16blink_task_entryEPv
                0x08004f90       0x1a ./Core/Src/led.o
                0x08004f90                Led::blink_task_entry(void*)
 *fill*         0x08004faa        0x2 
 .text._ZN3Led10blink_taskEv
                0x08004fac       0x70 ./Core/Src/led.o
                0x08004fac                Led::blink_task()
 .text._ZN3Led8set_freqEt
                0x0800501c       0x22 ./Core/Src/led.o
                0x0800501c                Led::set_freq(unsigned short)
 .text._ZN3Led5startEv
                0x0800503e       0x1e ./Core/Src/led.o
                0x0800503e                Led::start()
 .text.main     0x0800505c       0x40 ./Core/Src/main.o
                0x0800505c                main
 .text.SystemClock_Config
                0x0800509c       0xe0 ./Core/Src/main.o
                0x0800509c                SystemClock_Config
 .text.HAL_TIM_PeriodElapsedCallback
                0x0800517c       0x38 ./Core/Src/main.o
                0x0800517c                HAL_TIM_PeriodElapsedCallback
 .text.Error_Handler
                0x080051b4        0xc ./Core/Src/main.o
                0x080051b4                Error_Handler
 .text.HAL_GPIO_EXTI_Callback
                0x080051c0       0x30 ./Core/Src/main_cpp.o
                0x080051c0                HAL_GPIO_EXTI_Callback
 .text.HAL_SPI_TxCpltCallback
                0x080051f0       0x58 ./Core/Src/main_cpp.o
                0x080051f0                HAL_SPI_TxCpltCallback
 .text.vApplicationStackOverflowHook
                0x08005248       0x1c ./Core/Src/main_cpp.o
                0x08005248                vApplicationStackOverflowHook
 .text._ZZ8main_cppENKUlPvE_clES_
                0x08005264       0x28 ./Core/Src/main_cpp.o
 .text._ZZ8main_cppENUlPvE_4_FUNES_
                0x0800528c       0x16 ./Core/Src/main_cpp.o
 *fill*         0x080052a2        0x2 
 .text._ZZ8main_cppENKUlPvE_cvPFvS_EEv
                0x080052a4       0x1c ./Core/Src/main_cpp.o
 .text.main_cpp
                0x080052c0      0x16c ./Core/Src/main_cpp.o
                0x080052c0                main_cpp
 .text._Z41__static_initialization_and_destruction_0v
                0x0800542c       0x1c ./Core/Src/main_cpp.o
 .text._GLOBAL__sub_I_led_wifi
                0x08005448        0xa ./Core/Src/main_cpp.o
 *fill*         0x08005452        0x2 
 .text.uartPrint
                0x08005454       0x78 ./Core/Src/my_app.o
                0x08005454                uartPrint
 .text.round2   0x080054cc       0x58 ./Core/Src/sensor_task.o
 .text._ZN9__gnu_cxx5__ops16__iter_less_iterEv
                0x08005524       0x10 ./Core/Src/sensor_task.o
                0x08005524                __gnu_cxx::__ops::__iter_less_iter()
 .text._ZN9__gnu_cxx5__ops14_Iter_less_valC2ENS0_15_Iter_less_iterE
                0x08005534       0x18 ./Core/Src/sensor_task.o
                0x08005534                __gnu_cxx::__ops::_Iter_less_val::_Iter_less_val(__gnu_cxx::__ops::_Iter_less_iter)
                0x08005534                __gnu_cxx::__ops::_Iter_less_val::_Iter_less_val(__gnu_cxx::__ops::_Iter_less_iter)
 .text._ZN9__gnu_cxx5__ops15__val_comp_iterENS0_15_Iter_less_iterE
                0x0800554c       0x16 ./Core/Src/sensor_task.o
                0x0800554c                __gnu_cxx::__ops::__val_comp_iter(__gnu_cxx::__ops::_Iter_less_iter)
 .text._ZSt17__size_to_integerj
                0x08005562       0x16 ./Core/Src/sensor_task.o
                0x08005562                std::__size_to_integer(unsigned int)
 .text._Z11Sensor_TaskPv
                0x08005578      0x190 ./Core/Src/sensor_task.o
                0x08005578                Sensor_Task(void*)
 .text._ZN10Med_FilterIfLj5EEC2Ev
                0x08005708       0x34 ./Core/Src/sensor_task.o
                0x08005708                Med_Filter<float, 5u>::Med_Filter()
                0x08005708                Med_Filter<float, 5u>::Med_Filter()
 .text._ZN10Med_FilterIlLj5EEC2Ev
                0x0800573c       0x32 ./Core/Src/sensor_task.o
                0x0800573c                Med_Filter<long, 5u>::Med_Filter()
                0x0800573c                Med_Filter<long, 5u>::Med_Filter()
 .text._ZN10Med_FilterIlLj5EE6filterEl
                0x0800576e       0xb2 ./Core/Src/sensor_task.o
                0x0800576e                Med_Filter<long, 5u>::filter(long)
 .text._ZN10Med_FilterIfLj5EE6filterEf
                0x08005820       0xba ./Core/Src/sensor_task.o
                0x08005820                Med_Filter<float, 5u>::filter(float)
 .text._ZNSt5arrayIfLj5EE4fillERKf
                0x080058da       0x26 ./Core/Src/sensor_task.o
                0x080058da                std::array<float, 5u>::fill(float const&)
 .text._ZNSt5arrayIlLj5EE4fillERKl
                0x08005900       0x26 ./Core/Src/sensor_task.o
                0x08005900                std::array<long, 5u>::fill(long const&)
 .text._ZNSt5arrayIlLj5EEixEj
                0x08005926       0x1e ./Core/Src/sensor_task.o
                0x08005926                std::array<long, 5u>::operator[](unsigned int)
 .text._ZSt11nth_elementIPlEvT_S1_S1_
                0x08005944       0x4c ./Core/Src/sensor_task.o
                0x08005944                void std::nth_element<long*>(long*, long*, long*)
 .text._ZNSt5arrayIfLj5EEixEj
                0x08005990       0x1e ./Core/Src/sensor_task.o
                0x08005990                std::array<float, 5u>::operator[](unsigned int)
 .text._ZSt11nth_elementIPfEvT_S1_S1_
                0x080059ae       0x4c ./Core/Src/sensor_task.o
                0x080059ae                void std::nth_element<float*>(float*, float*, float*)
 .text._ZNSt5arrayIfLj5EE5beginEv
                0x080059fa       0x1a ./Core/Src/sensor_task.o
                0x080059fa                std::array<float, 5u>::begin()
 .text._ZSt6fill_nIPfjfET_S1_T0_RKT1_
                0x08005a14       0x2c ./Core/Src/sensor_task.o
                0x08005a14                float* std::fill_n<float*, unsigned int, float>(float*, unsigned int, float const&)
 .text._ZNSt5arrayIlLj5EE5beginEv
                0x08005a40       0x1a ./Core/Src/sensor_task.o
                0x08005a40                std::array<long, 5u>::begin()
 .text._ZSt6fill_nIPljlET_S1_T0_RKT1_
                0x08005a5a       0x2c ./Core/Src/sensor_task.o
                0x08005a5a                long* std::fill_n<long*, unsigned int, long>(long*, unsigned int, long const&)
 .text._ZSt4__lgIiET_S0_
                0x08005a86       0x1c ./Core/Src/sensor_task.o
                0x08005a86                int std::__lg<int>(int)
 .text._ZSt13__introselectIPliN9__gnu_cxx5__ops15_Iter_less_iterEEvT_S4_S4_T0_T1_
                0x08005aa2       0x6c ./Core/Src/sensor_task.o
                0x08005aa2                void std::__introselect<long*, int, __gnu_cxx::__ops::_Iter_less_iter>(long*, long*, long*, int, __gnu_cxx::__ops::_Iter_less_iter)
 .text._ZSt13__introselectIPfiN9__gnu_cxx5__ops15_Iter_less_iterEEvT_S4_S4_T0_T1_
                0x08005b0e       0x6c ./Core/Src/sensor_task.o
                0x08005b0e                void std::__introselect<float*, int, __gnu_cxx::__ops::_Iter_less_iter>(float*, float*, float*, int, __gnu_cxx::__ops::_Iter_less_iter)
 .text._ZSt10__fill_n_aIPfjfET_S1_T0_RKT1_St26random_access_iterator_tag
                0x08005b7a       0x3a ./Core/Src/sensor_task.o
                0x08005b7a                float* std::__fill_n_a<float*, unsigned int, float>(float*, unsigned int, float const&, std::random_access_iterator_tag)
 .text._ZSt10__fill_n_aIPljlET_S1_T0_RKT1_St26random_access_iterator_tag
                0x08005bb4       0x3a ./Core/Src/sensor_task.o
                0x08005bb4                long* std::__fill_n_a<long*, unsigned int, long>(long*, unsigned int, long const&, std::random_access_iterator_tag)
 .text._ZSt11__bit_widthIjEiT_
                0x08005bee       0x20 ./Core/Src/sensor_task.o
                0x08005bee                int std::__bit_width<unsigned int>(unsigned int)
 .text._ZSt13__heap_selectIPlN9__gnu_cxx5__ops15_Iter_less_iterEEvT_S4_S4_T0_
                0x08005c0e       0x56 ./Core/Src/sensor_task.o
                0x08005c0e                void std::__heap_select<long*, __gnu_cxx::__ops::_Iter_less_iter>(long*, long*, long*, __gnu_cxx::__ops::_Iter_less_iter)
 .text._ZSt9iter_swapIPlS0_EvT_T0_
                0x08005c64       0x1a ./Core/Src/sensor_task.o
                0x08005c64                void std::iter_swap<long*, long*>(long*, long*)
 .text._ZSt27__unguarded_partition_pivotIPlN9__gnu_cxx5__ops15_Iter_less_iterEET_S4_S4_T0_
                0x08005c7e       0x4e ./Core/Src/sensor_task.o
                0x08005c7e                long* std::__unguarded_partition_pivot<long*, __gnu_cxx::__ops::_Iter_less_iter>(long*, long*, __gnu_cxx::__ops::_Iter_less_iter)
 .text._ZSt16__insertion_sortIPlN9__gnu_cxx5__ops15_Iter_less_iterEEvT_S4_T0_
                0x08005ccc       0x82 ./Core/Src/sensor_task.o
                0x08005ccc                void std::__insertion_sort<long*, __gnu_cxx::__ops::_Iter_less_iter>(long*, long*, __gnu_cxx::__ops::_Iter_less_iter)
 .text._ZSt13__heap_selectIPfN9__gnu_cxx5__ops15_Iter_less_iterEEvT_S4_S4_T0_
                0x08005d4e       0x56 ./Core/Src/sensor_task.o
                0x08005d4e                void std::__heap_select<float*, __gnu_cxx::__ops::_Iter_less_iter>(float*, float*, float*, __gnu_cxx::__ops::_Iter_less_iter)
 .text._ZSt9iter_swapIPfS0_EvT_T0_
                0x08005da4       0x1a ./Core/Src/sensor_task.o
                0x08005da4                void std::iter_swap<float*, float*>(float*, float*)
 .text._ZSt27__unguarded_partition_pivotIPfN9__gnu_cxx5__ops15_Iter_less_iterEET_S4_S4_T0_
                0x08005dbe       0x4e ./Core/Src/sensor_task.o
                0x08005dbe                float* std::__unguarded_partition_pivot<float*, __gnu_cxx::__ops::_Iter_less_iter>(float*, float*, __gnu_cxx::__ops::_Iter_less_iter)
 .text._ZSt16__insertion_sortIPfN9__gnu_cxx5__ops15_Iter_less_iterEEvT_S4_T0_
                0x08005e0c       0x82 ./Core/Src/sensor_task.o
                0x08005e0c                void std::__insertion_sort<float*, __gnu_cxx::__ops::_Iter_less_iter>(float*, float*, __gnu_cxx::__ops::_Iter_less_iter)
 .text._ZSt8__fill_aIPffEvT_S1_RKT0_
                0x08005e8e       0x1e ./Core/Src/sensor_task.o
                0x08005e8e                void std::__fill_a<float*, float>(float*, float*, float const&)
 .text._ZSt8__fill_aIPllEvT_S1_RKT0_
                0x08005eac       0x1e ./Core/Src/sensor_task.o
                0x08005eac                void std::__fill_a<long*, long>(long*, long*, long const&)
 .text._ZSt13__countl_zeroIjEiT_
                0x08005eca       0x3a ./Core/Src/sensor_task.o
                0x08005eca                int std::__countl_zero<unsigned int>(unsigned int)
 .text._ZSt11__make_heapIPlN9__gnu_cxx5__ops15_Iter_less_iterEEvT_S4_RT0_
                0x08005f04       0x76 ./Core/Src/sensor_task.o
                0x08005f04                void std::__make_heap<long*, __gnu_cxx::__ops::_Iter_less_iter>(long*, long*, __gnu_cxx::__ops::_Iter_less_iter&)
 .text._ZNK9__gnu_cxx5__ops15_Iter_less_iterclIPlS3_EEbT_T0_
                0x08005f7a       0x2a ./Core/Src/sensor_task.o
                0x08005f7a                bool __gnu_cxx::__ops::_Iter_less_iter::operator()<long*, long*>(long*, long*) const
 .text._ZSt10__pop_heapIPlN9__gnu_cxx5__ops15_Iter_less_iterEEvT_S4_S4_RT0_
                0x08005fa4       0x56 ./Core/Src/sensor_task.o
                0x08005fa4                void std::__pop_heap<long*, __gnu_cxx::__ops::_Iter_less_iter>(long*, long*, long*, __gnu_cxx::__ops::_Iter_less_iter&)
 .text._ZSt4swapIlENSt9enable_ifIXsrSt6__and_IJSt6__not_ISt15__is_tuple_likeIT_EESt21is_move_constructibleIS4_ESt18is_move_assignableIS4_EEE5valueEvE4typeERS4_SE_
                0x08005ffa       0x3e ./Core/Src/sensor_task.o
                0x08005ffa                std::enable_if<std::__and_<std::__not_<std::__is_tuple_like<long> >, std::is_move_constructible<long>, std::is_move_assignable<long> >::value, void>::type std::swap<long>(long&, long&)
 .text._ZSt22__move_median_to_firstIPlN9__gnu_cxx5__ops15_Iter_less_iterEEvT_S4_S4_S4_T0_
                0x08006038       0xaa ./Core/Src/sensor_task.o
                0x08006038                void std::__move_median_to_first<long*, __gnu_cxx::__ops::_Iter_less_iter>(long*, long*, long*, long*, __gnu_cxx::__ops::_Iter_less_iter)
 .text._ZSt21__unguarded_partitionIPlN9__gnu_cxx5__ops15_Iter_less_iterEET_S4_S4_S4_T0_
                0x080060e2       0x6c ./Core/Src/sensor_task.o
                0x080060e2                long* std::__unguarded_partition<long*, __gnu_cxx::__ops::_Iter_less_iter>(long*, long*, long*, __gnu_cxx::__ops::_Iter_less_iter)
 .text._ZSt4moveIRlEONSt16remove_referenceIT_E4typeEOS2_
                0x0800614e       0x16 ./Core/Src/sensor_task.o
                0x0800614e                std::remove_reference<long&>::type&& std::move<long&>(long&)
 .text._ZSt13move_backwardIPlS0_ET0_T_S2_S1_
                0x08006164       0x30 ./Core/Src/sensor_task.o
                0x08006164                long* std::move_backward<long*, long*>(long*, long*, long*)
 .text._ZSt25__unguarded_linear_insertIPlN9__gnu_cxx5__ops14_Val_less_iterEEvT_T0_
                0x08006194       0x68 ./Core/Src/sensor_task.o
                0x08006194                void std::__unguarded_linear_insert<long*, __gnu_cxx::__ops::_Val_less_iter>(long*, __gnu_cxx::__ops::_Val_less_iter)
 .text._ZSt11__make_heapIPfN9__gnu_cxx5__ops15_Iter_less_iterEEvT_S4_RT0_
                0x080061fc       0x7a ./Core/Src/sensor_task.o
                0x080061fc                void std::__make_heap<float*, __gnu_cxx::__ops::_Iter_less_iter>(float*, float*, __gnu_cxx::__ops::_Iter_less_iter&)
 .text._ZNK9__gnu_cxx5__ops15_Iter_less_iterclIPfS3_EEbT_T0_
                0x08006276       0x34 ./Core/Src/sensor_task.o
                0x08006276                bool __gnu_cxx::__ops::_Iter_less_iter::operator()<float*, float*>(float*, float*) const
 .text._ZSt10__pop_heapIPfN9__gnu_cxx5__ops15_Iter_less_iterEEvT_S4_S4_RT0_
                0x080062aa       0x5a ./Core/Src/sensor_task.o
                0x080062aa                void std::__pop_heap<float*, __gnu_cxx::__ops::_Iter_less_iter>(float*, float*, float*, __gnu_cxx::__ops::_Iter_less_iter&)
 .text._ZSt4swapIfENSt9enable_ifIXsrSt6__and_IJSt6__not_ISt15__is_tuple_likeIT_EESt21is_move_constructibleIS4_ESt18is_move_assignableIS4_EEE5valueEvE4typeERS4_SE_
                0x08006304       0x3e ./Core/Src/sensor_task.o
                0x08006304                std::enable_if<std::__and_<std::__not_<std::__is_tuple_like<float> >, std::is_move_constructible<float>, std::is_move_assignable<float> >::value, void>::type std::swap<float>(float&, float&)
 .text._ZSt22__move_median_to_firstIPfN9__gnu_cxx5__ops15_Iter_less_iterEEvT_S4_S4_S4_T0_
                0x08006342       0xaa ./Core/Src/sensor_task.o
                0x08006342                void std::__move_median_to_first<float*, __gnu_cxx::__ops::_Iter_less_iter>(float*, float*, float*, float*, __gnu_cxx::__ops::_Iter_less_iter)
 .text._ZSt21__unguarded_partitionIPfN9__gnu_cxx5__ops15_Iter_less_iterEET_S4_S4_S4_T0_
                0x080063ec       0x6c ./Core/Src/sensor_task.o
                0x080063ec                float* std::__unguarded_partition<float*, __gnu_cxx::__ops::_Iter_less_iter>(float*, float*, float*, __gnu_cxx::__ops::_Iter_less_iter)
 .text._ZSt4moveIRfEONSt16remove_referenceIT_E4typeEOS2_
                0x08006458       0x16 ./Core/Src/sensor_task.o
                0x08006458                std::remove_reference<float&>::type&& std::move<float&>(float&)
 .text._ZSt13move_backwardIPfS0_ET0_T_S2_S1_
                0x0800646e       0x30 ./Core/Src/sensor_task.o
                0x0800646e                float* std::move_backward<float*, float*>(float*, float*, float*)
 .text._ZSt25__unguarded_linear_insertIPfN9__gnu_cxx5__ops14_Val_less_iterEEvT_T0_
                0x0800649e       0x68 ./Core/Src/sensor_task.o
                0x0800649e                void std::__unguarded_linear_insert<float*, __gnu_cxx::__ops::_Val_less_iter>(float*, __gnu_cxx::__ops::_Val_less_iter)
 .text._ZSt9__fill_a1IPffEN9__gnu_cxx11__enable_ifIXsrSt11__is_scalarIT0_E7__valueEvE6__typeET_S8_RKS4_
                0x08006506       0x36 ./Core/Src/sensor_task.o
                0x08006506                __gnu_cxx::__enable_if<std::__is_scalar<float>::__value, void>::__type std::__fill_a1<float*, float>(float*, float*, float const&)
 .text._ZSt9__fill_a1IPllEN9__gnu_cxx11__enable_ifIXsrSt11__is_scalarIT0_E7__valueEvE6__typeET_S8_RKS4_
                0x0800653c       0x36 ./Core/Src/sensor_task.o
                0x0800653c                __gnu_cxx::__enable_if<std::__is_scalar<long>::__value, void>::__type std::__fill_a1<long*, long>(long*, long*, long const&)
 .text._ZSt13__adjust_heapIPlilN9__gnu_cxx5__ops15_Iter_less_iterEEvT_T0_S5_T1_T2_
                0x08006572      0x104 ./Core/Src/sensor_task.o
                0x08006572                void std::__adjust_heap<long*, int, long, __gnu_cxx::__ops::_Iter_less_iter>(long*, int, int, long, __gnu_cxx::__ops::_Iter_less_iter)
 .text._ZSt12__miter_baseIPlET_S1_
                0x08006676       0x16 ./Core/Src/sensor_task.o
                0x08006676                long* std::__miter_base<long*>(long*)
 .text._ZSt22__copy_move_backward_aILb1EPlS0_ET1_T0_S2_S1_
                0x0800668c       0x46 ./Core/Src/sensor_task.o
                0x0800668c                long* std::__copy_move_backward_a<true, long*, long*>(long*, long*, long*)
 .text._ZNK9__gnu_cxx5__ops14_Val_less_iterclIlPlEEbRT_T0_
                0x080066d2       0x2a ./Core/Src/sensor_task.o
                0x080066d2                bool __gnu_cxx::__ops::_Val_less_iter::operator()<long, long*>(long&, long*) const
 .text._ZSt13__adjust_heapIPfifN9__gnu_cxx5__ops15_Iter_less_iterEEvT_T0_S5_T1_T2_
                0x080066fc      0x10a ./Core/Src/sensor_task.o
                0x080066fc                void std::__adjust_heap<float*, int, float, __gnu_cxx::__ops::_Iter_less_iter>(float*, int, int, float, __gnu_cxx::__ops::_Iter_less_iter)
 .text._ZSt12__miter_baseIPfET_S1_
                0x08006806       0x16 ./Core/Src/sensor_task.o
                0x08006806                float* std::__miter_base<float*>(float*)
 .text._ZSt22__copy_move_backward_aILb1EPfS0_ET1_T0_S2_S1_
                0x0800681c       0x46 ./Core/Src/sensor_task.o
                0x0800681c                float* std::__copy_move_backward_a<true, float*, float*>(float*, float*, float*)
 .text._ZNK9__gnu_cxx5__ops14_Val_less_iterclIfPfEEbRT_T0_
                0x08006862       0x34 ./Core/Src/sensor_task.o
                0x08006862                bool __gnu_cxx::__ops::_Val_less_iter::operator()<float, float*>(float&, float*) const
 .text._ZSt4moveIRN9__gnu_cxx5__ops15_Iter_less_iterEEONSt16remove_referenceIT_E4typeEOS5_
                0x08006896       0x16 ./Core/Src/sensor_task.o
                0x08006896                std::remove_reference<__gnu_cxx::__ops::_Iter_less_iter&>::type&& std::move<__gnu_cxx::__ops::_Iter_less_iter&>(__gnu_cxx::__ops::_Iter_less_iter&)
 .text._ZSt11__push_heapIPlilN9__gnu_cxx5__ops14_Iter_less_valEEvT_T0_S5_T1_RT2_
                0x080068ac       0x90 ./Core/Src/sensor_task.o
                0x080068ac                void std::__push_heap<long*, int, long, __gnu_cxx::__ops::_Iter_less_val>(long*, int, int, long, __gnu_cxx::__ops::_Iter_less_val&)
 .text._ZSt12__niter_baseIPlET_S1_
                0x0800693c       0x16 ./Core/Src/sensor_task.o
                0x0800693c                long* std::__niter_base<long*>(long*)
 .text._ZSt23__copy_move_backward_a1ILb1EPlS0_ET1_T0_S2_S1_
                0x08006952       0x20 ./Core/Src/sensor_task.o
                0x08006952                long* std::__copy_move_backward_a1<true, long*, long*>(long*, long*, long*)
 .text._ZSt12__niter_wrapIPlET_RKS1_S1_
                0x08006972       0x18 ./Core/Src/sensor_task.o
                0x08006972                long* std::__niter_wrap<long*>(long* const&, long*)
 .text._ZSt11__push_heapIPfifN9__gnu_cxx5__ops14_Iter_less_valEEvT_T0_S5_T1_RT2_
                0x0800698a       0x98 ./Core/Src/sensor_task.o
                0x0800698a                void std::__push_heap<float*, int, float, __gnu_cxx::__ops::_Iter_less_val>(float*, int, int, float, __gnu_cxx::__ops::_Iter_less_val&)
 .text._ZSt12__niter_baseIPfET_S1_
                0x08006a22       0x16 ./Core/Src/sensor_task.o
                0x08006a22                float* std::__niter_base<float*>(float*)
 .text._ZSt23__copy_move_backward_a1ILb1EPfS0_ET1_T0_S2_S1_
                0x08006a38       0x20 ./Core/Src/sensor_task.o
                0x08006a38                float* std::__copy_move_backward_a1<true, float*, float*>(float*, float*, float*)
 .text._ZSt12__niter_wrapIPfET_RKS1_S1_
                0x08006a58       0x18 ./Core/Src/sensor_task.o
                0x08006a58                float* std::__niter_wrap<float*>(float* const&, float*)
 .text._ZNK9__gnu_cxx5__ops14_Iter_less_valclIPllEEbT_RT0_
                0x08006a70       0x2a ./Core/Src/sensor_task.o
                0x08006a70                bool __gnu_cxx::__ops::_Iter_less_val::operator()<long*, long>(long*, long&) const
 .text._ZSt23__copy_move_backward_a2ILb1EPlS0_ET1_T0_S2_S1_
                0x08006a9a       0x20 ./Core/Src/sensor_task.o
                0x08006a9a                long* std::__copy_move_backward_a2<true, long*, long*>(long*, long*, long*)
 .text._ZNK9__gnu_cxx5__ops14_Iter_less_valclIPffEEbT_RT0_
                0x08006aba       0x34 ./Core/Src/sensor_task.o
                0x08006aba                bool __gnu_cxx::__ops::_Iter_less_val::operator()<float*, float>(float*, float&) const
 .text._ZSt23__copy_move_backward_a2ILb1EPfS0_ET1_T0_S2_S1_
                0x08006aee       0x20 ./Core/Src/sensor_task.o
                0x08006aee                float* std::__copy_move_backward_a2<true, float*, float*>(float*, float*, float*)
 .text._ZNSt20__copy_move_backwardILb1ELb1ESt26random_access_iterator_tagE13__copy_move_bIllEEPT0_PT_S6_S4_
                0x08006b0e       0x62 ./Core/Src/sensor_task.o
                0x08006b0e                long* std::__copy_move_backward<true, true, std::random_access_iterator_tag>::__copy_move_b<long, long>(long*, long*, long*)
 .text._ZNSt20__copy_move_backwardILb1ELb1ESt26random_access_iterator_tagE13__copy_move_bIffEEPT0_PT_S6_S4_
                0x08006b70       0x62 ./Core/Src/sensor_task.o
                0x08006b70                float* std::__copy_move_backward<true, true, std::random_access_iterator_tag>::__copy_move_b<float, float>(float*, float*, float*)
 .text._ZNSt11__copy_moveILb1ELb0ESt26random_access_iterator_tagE12__assign_oneIllEEvPT_PT0_
                0x08006bd2       0x20 ./Core/Src/sensor_task.o
                0x08006bd2                void std::__copy_move<true, false, std::random_access_iterator_tag>::__assign_one<long, long>(long*, long*)
 .text._ZNSt11__copy_moveILb1ELb0ESt26random_access_iterator_tagE12__assign_oneIffEEvPT_PT0_
                0x08006bf2       0x20 ./Core/Src/sensor_task.o
                0x08006bf2                void std::__copy_move<true, false, std::random_access_iterator_tag>::__assign_one<float, float>(float*, float*)
 *fill*         0x08006c12        0x2 
 .text.MX_SPI1_Init
                0x08006c14       0x6c ./Core/Src/spi.o
                0x08006c14                MX_SPI1_Init
 .text.HAL_SPI_MspInit
                0x08006c80       0xf4 ./Core/Src/spi.o
                0x08006c80                HAL_SPI_MspInit
 .text.HAL_MspInit
                0x08006d74       0x58 ./Core/Src/stm32f4xx_hal_msp.o
                0x08006d74                HAL_MspInit
 .text.HAL_InitTick
                0x08006dcc       0xf8 ./Core/Src/stm32f4xx_hal_timebase_tim.o
                0x08006dcc                HAL_InitTick
 .text.NMI_Handler
                0x08006ec4        0x8 ./Core/Src/stm32f4xx_it.o
                0x08006ec4                NMI_Handler
 .text.HardFault_Handler
                0x08006ecc        0x8 ./Core/Src/stm32f4xx_it.o
                0x08006ecc                HardFault_Handler
 .text.MemManage_Handler
                0x08006ed4        0x8 ./Core/Src/stm32f4xx_it.o
                0x08006ed4                MemManage_Handler
 .text.BusFault_Handler
                0x08006edc        0x8 ./Core/Src/stm32f4xx_it.o
                0x08006edc                BusFault_Handler
 .text.UsageFault_Handler
                0x08006ee4        0x8 ./Core/Src/stm32f4xx_it.o
                0x08006ee4                UsageFault_Handler
 .text.DebugMon_Handler
                0x08006eec        0xe ./Core/Src/stm32f4xx_it.o
                0x08006eec                DebugMon_Handler
 *fill*         0x08006efa        0x2 
 .text.TIM2_IRQHandler
                0x08006efc       0x14 ./Core/Src/stm32f4xx_it.o
                0x08006efc                TIM2_IRQHandler
 .text.EXTI15_10_IRQHandler
                0x08006f10       0x18 ./Core/Src/stm32f4xx_it.o
                0x08006f10                EXTI15_10_IRQHandler
 .text.TIM6_DAC_IRQHandler
                0x08006f28       0x14 ./Core/Src/stm32f4xx_it.o
                0x08006f28                TIM6_DAC_IRQHandler
 .text.DMA2_Stream3_IRQHandler
                0x08006f3c       0x14 ./Core/Src/stm32f4xx_it.o
                0x08006f3c                DMA2_Stream3_IRQHandler
 .text._getpid  0x08006f50       0x10 ./Core/Src/syscalls.o
                0x08006f50                _getpid
 .text._kill    0x08006f60       0x20 ./Core/Src/syscalls.o
                0x08006f60                _kill
 .text._exit    0x08006f80       0x16 ./Core/Src/syscalls.o
                0x08006f80                _exit
 .text._read    0x08006f96       0x3a ./Core/Src/syscalls.o
                0x08006f96                _read
 .text._write   0x08006fd0       0x38 ./Core/Src/syscalls.o
                0x08006fd0                _write
 .text._close   0x08007008       0x18 ./Core/Src/syscalls.o
                0x08007008                _close
 .text._fstat   0x08007020       0x20 ./Core/Src/syscalls.o
                0x08007020                _fstat
 .text._isatty  0x08007040       0x16 ./Core/Src/syscalls.o
                0x08007040                _isatty
 .text._lseek   0x08007056       0x1a ./Core/Src/syscalls.o
                0x08007056                _lseek
 .text._sbrk    0x08007070       0x6c ./Core/Src/sysmem.o
                0x08007070                _sbrk
 .text.SystemInit
                0x080070dc       0x24 ./Core/Src/system_stm32f4xx.o
                0x080070dc                SystemInit
 .text.MX_TIM2_Init
                0x08007100       0x9c ./Core/Src/tim.o
                0x08007100                MX_TIM2_Init
 .text.MX_TIM3_Init
                0x0800719c       0x9c ./Core/Src/tim.o
                0x0800719c                MX_TIM3_Init
 .text.HAL_TIM_Base_MspInit
                0x08007238       0x78 ./Core/Src/tim.o
                0x08007238                HAL_TIM_Base_MspInit
 .text.MX_USART2_UART_Init
                0x080072b0       0x54 ./Core/Src/usart.o
                0x080072b0                MX_USART2_UART_Init
 .text.MX_USART3_UART_Init
                0x08007304       0x54 ./Core/Src/usart.o
                0x08007304                MX_USART3_UART_Init
 .text.HAL_UART_MspInit
                0x08007358      0x13c ./Core/Src/usart.o
                0x08007358                HAL_UART_MspInit
 .text.__NVIC_SystemReset
                0x08007494       0x2c ./Core/Src/watchdog.o
 .text._ZN15WatchdogManagerC2Ev
                0x080074c0       0x1e ./Core/Src/watchdog.o
                0x080074c0                WatchdogManager::WatchdogManager()
                0x080074c0                WatchdogManager::WatchdogManager()
 *fill*         0x080074de        0x2 
 .text._ZN15WatchdogManager8instanceEv
                0x080074e0       0x50 ./Core/Src/watchdog.o
                0x080074e0                WatchdogManager::instance()
 .text._ZN15WatchdogManager12registerTaskEPKcP19tskTaskControlBlockm
                0x08007530       0x58 ./Core/Src/watchdog.o
                0x08007530                WatchdogManager::registerTask(char const*, tskTaskControlBlock*, unsigned long)
 .text._ZN15WatchdogManager11notifyAliveEPKc
                0x08007588       0x66 ./Core/Src/watchdog.o
                0x08007588                WatchdogManager::notifyAlive(char const*)
 *fill*         0x080075ee        0x2 
 .text._ZN15WatchdogManager12watchdogTaskEv
                0x080075f0      0x16c ./Core/Src/watchdog.o
                0x080075f0                WatchdogManager::watchdogTask()
 .text.Reset_Handler
                0x0800775c       0x50 ./Core/Startup/startup_stm32f446retx.o
                0x0800775c                Reset_Handler
 .text.Default_Handler
                0x080077ac        0x2 ./Core/Startup/startup_stm32f446retx.o
                0x080077ac                RTC_Alarm_IRQHandler
                0x080077ac                EXTI2_IRQHandler
                0x080077ac                TIM8_CC_IRQHandler
                0x080077ac                FMPI2C1_EV_IRQHandler
                0x080077ac                SPI4_IRQHandler
                0x080077ac                TIM1_CC_IRQHandler
                0x080077ac                DMA2_Stream5_IRQHandler
                0x080077ac                DMA1_Stream5_IRQHandler
                0x080077ac                PVD_IRQHandler
                0x080077ac                SDIO_IRQHandler
                0x080077ac                TAMP_STAMP_IRQHandler
                0x080077ac                CAN2_RX1_IRQHandler
                0x080077ac                EXTI3_IRQHandler
                0x080077ac                TIM8_TRG_COM_TIM14_IRQHandler
                0x080077ac                TIM1_UP_TIM10_IRQHandler
                0x080077ac                TIM8_UP_TIM13_IRQHandler
                0x080077ac                I2C3_ER_IRQHandler
                0x080077ac                EXTI0_IRQHandler
                0x080077ac                I2C2_EV_IRQHandler
                0x080077ac                DMA1_Stream2_IRQHandler
                0x080077ac                CAN1_RX0_IRQHandler
                0x080077ac                FPU_IRQHandler
                0x080077ac                OTG_HS_WKUP_IRQHandler
                0x080077ac                CAN2_SCE_IRQHandler
                0x080077ac                DMA2_Stream2_IRQHandler
                0x080077ac                SPI1_IRQHandler
                0x080077ac                TIM1_BRK_TIM9_IRQHandler
                0x080077ac                DCMI_IRQHandler
                0x080077ac                CAN2_RX0_IRQHandler
                0x080077ac                SAI2_IRQHandler
                0x080077ac                USART6_IRQHandler
                0x080077ac                USART3_IRQHandler
                0x080077ac                CAN1_RX1_IRQHandler
                0x080077ac                UART5_IRQHandler
                0x080077ac                DMA2_Stream0_IRQHandler
                0x080077ac                TIM4_IRQHandler
                0x080077ac                QUADSPI_IRQHandler
                0x080077ac                I2C1_EV_IRQHandler
                0x080077ac                DMA1_Stream6_IRQHandler
                0x080077ac                DMA1_Stream1_IRQHandler
                0x080077ac                UART4_IRQHandler
                0x080077ac                TIM3_IRQHandler
                0x080077ac                RCC_IRQHandler
                0x080077ac                TIM8_BRK_TIM12_IRQHandler
                0x080077ac                Default_Handler
                0x080077ac                CEC_IRQHandler
                0x080077ac                ADC_IRQHandler
                0x080077ac                DMA1_Stream7_IRQHandler
                0x080077ac                TIM7_IRQHandler
                0x080077ac                CAN2_TX_IRQHandler
                0x080077ac                TIM5_IRQHandler
                0x080077ac                DMA2_Stream7_IRQHandler
                0x080077ac                I2C3_EV_IRQHandler
                0x080077ac                EXTI9_5_IRQHandler
                0x080077ac                RTC_WKUP_IRQHandler
                0x080077ac                SPDIF_RX_IRQHandler
                0x080077ac                SPI2_IRQHandler
                0x080077ac                OTG_HS_EP1_IN_IRQHandler
                0x080077ac                DMA1_Stream0_IRQHandler
                0x080077ac                CAN1_TX_IRQHandler
                0x080077ac                FMPI2C1_ER_IRQHandler
                0x080077ac                EXTI4_IRQHandler
                0x080077ac                OTG_HS_EP1_OUT_IRQHandler
                0x080077ac                WWDG_IRQHandler
                0x080077ac                OTG_FS_WKUP_IRQHandler
                0x080077ac                TIM1_TRG_COM_TIM11_IRQHandler
                0x080077ac                OTG_HS_IRQHandler
                0x080077ac                EXTI1_IRQHandler
                0x080077ac                USART2_IRQHandler
                0x080077ac                I2C2_ER_IRQHandler
                0x080077ac                DMA2_Stream1_IRQHandler
                0x080077ac                CAN1_SCE_IRQHandler
                0x080077ac                FLASH_IRQHandler
                0x080077ac                DMA2_Stream4_IRQHandler
                0x080077ac                USART1_IRQHandler
                0x080077ac                OTG_FS_IRQHandler
                0x080077ac                SPI3_IRQHandler
                0x080077ac                DMA1_Stream4_IRQHandler
                0x080077ac                I2C1_ER_IRQHandler
                0x080077ac                FMC_IRQHandler
                0x080077ac                DMA2_Stream6_IRQHandler
                0x080077ac                SAI1_IRQHandler
                0x080077ac                DMA1_Stream3_IRQHandler
 *fill*         0x080077ae        0x2 
 .text.HAL_Init
                0x080077b0       0x44 ./Drivers/STM32F4xx_HAL_Driver/Src/stm32f4xx_hal.o
                0x080077b0                HAL_Init
 .text.HAL_IncTick
                0x080077f4       0x28 ./Drivers/STM32F4xx_HAL_Driver/Src/stm32f4xx_hal.o
                0x080077f4                HAL_IncTick
 .text.HAL_GetTick
                0x0800781c       0x18 ./Drivers/STM32F4xx_HAL_Driver/Src/stm32f4xx_hal.o
                0x0800781c                HAL_GetTick
 .text.HAL_Delay
                0x08007834       0x48 ./Drivers/STM32F4xx_HAL_Driver/Src/stm32f4xx_hal.o
                0x08007834                HAL_Delay
 .text.__NVIC_SetPriorityGrouping
                0x0800787c       0x48 ./Drivers/STM32F4xx_HAL_Driver/Src/stm32f4xx_hal_cortex.o
 .text.__NVIC_GetPriorityGrouping
                0x080078c4       0x1c ./Drivers/STM32F4xx_HAL_Driver/Src/stm32f4xx_hal_cortex.o
 .text.__NVIC_EnableIRQ
                0x080078e0       0x3c ./Drivers/STM32F4xx_HAL_Driver/Src/stm32f4xx_hal_cortex.o
 .text.__NVIC_SetPriority
                0x0800791c       0x54 ./Drivers/STM32F4xx_HAL_Driver/Src/stm32f4xx_hal_cortex.o
 .text.NVIC_EncodePriority
                0x08007970       0x66 ./Drivers/STM32F4xx_HAL_Driver/Src/stm32f4xx_hal_cortex.o
 .text.HAL_NVIC_SetPriorityGrouping
                0x080079d6       0x16 ./Drivers/STM32F4xx_HAL_Driver/Src/stm32f4xx_hal_cortex.o
                0x080079d6                HAL_NVIC_SetPriorityGrouping
 .text.HAL_NVIC_SetPriority
                0x080079ec       0x38 ./Drivers/STM32F4xx_HAL_Driver/Src/stm32f4xx_hal_cortex.o
                0x080079ec                HAL_NVIC_SetPriority
 .text.HAL_NVIC_EnableIRQ
                0x08007a24       0x1c ./Drivers/STM32F4xx_HAL_Driver/Src/stm32f4xx_hal_cortex.o
                0x08007a24                HAL_NVIC_EnableIRQ
 .text.HAL_DMA_Init
                0x08007a40      0x15c ./Drivers/STM32F4xx_HAL_Driver/Src/stm32f4xx_hal_dma.o
                0x08007a40                HAL_DMA_Init
 .text.HAL_DMA_Start_IT
                0x08007b9c       0xb0 ./Drivers/STM32F4xx_HAL_Driver/Src/stm32f4xx_hal_dma.o
                0x08007b9c                HAL_DMA_Start_IT
 .text.HAL_DMA_IRQHandler
                0x08007c4c      0x314 ./Drivers/STM32F4xx_HAL_Driver/Src/stm32f4xx_hal_dma.o
                0x08007c4c                HAL_DMA_IRQHandler
 .text.DMA_SetConfig
                0x08007f60       0x5c ./Drivers/STM32F4xx_HAL_Driver/Src/stm32f4xx_hal_dma.o
 .text.DMA_CalcBaseAndBitshift
                0x08007fbc       0x6c ./Drivers/STM32F4xx_HAL_Driver/Src/stm32f4xx_hal_dma.o
 .text.DMA_CheckFifoParam
                0x08008028       0xf8 ./Drivers/STM32F4xx_HAL_Driver/Src/stm32f4xx_hal_dma.o
 .text.HAL_FLASH_Program
                0x08008120       0xa8 ./Drivers/STM32F4xx_HAL_Driver/Src/stm32f4xx_hal_flash.o
                0x08008120                HAL_FLASH_Program
 .text.HAL_FLASH_Unlock
                0x080081c8       0x44 ./Drivers/STM32F4xx_HAL_Driver/Src/stm32f4xx_hal_flash.o
                0x080081c8                HAL_FLASH_Unlock
 .text.HAL_FLASH_Lock
                0x0800820c       0x20 ./Drivers/STM32F4xx_HAL_Driver/Src/stm32f4xx_hal_flash.o
                0x0800820c                HAL_FLASH_Lock
 .text.FLASH_WaitForLastOperation
                0x0800822c       0x80 ./Drivers/STM32F4xx_HAL_Driver/Src/stm32f4xx_hal_flash.o
                0x0800822c                FLASH_WaitForLastOperation
 .text.FLASH_Program_DoubleWord
                0x080082ac       0x64 ./Drivers/STM32F4xx_HAL_Driver/Src/stm32f4xx_hal_flash.o
 .text.FLASH_Program_Word
                0x08008310       0x44 ./Drivers/STM32F4xx_HAL_Driver/Src/stm32f4xx_hal_flash.o
 .text.FLASH_Program_HalfWord
                0x08008354       0x48 ./Drivers/STM32F4xx_HAL_Driver/Src/stm32f4xx_hal_flash.o
 .text.FLASH_Program_Byte
                0x0800839c       0x44 ./Drivers/STM32F4xx_HAL_Driver/Src/stm32f4xx_hal_flash.o
 .text.FLASH_SetErrorCode
                0x080083e0       0xcc ./Drivers/STM32F4xx_HAL_Driver/Src/stm32f4xx_hal_flash.o
 .text.HAL_FLASHEx_Erase
                0x080084ac       0xe0 ./Drivers/STM32F4xx_HAL_Driver/Src/stm32f4xx_hal_flash_ex.o
                0x080084ac                HAL_FLASHEx_Erase
 .text.FLASH_MassErase
                0x0800858c       0x48 ./Drivers/STM32F4xx_HAL_Driver/Src/stm32f4xx_hal_flash_ex.o
 .text.FLASH_Erase_Sector
                0x080085d4       0x90 ./Drivers/STM32F4xx_HAL_Driver/Src/stm32f4xx_hal_flash_ex.o
                0x080085d4                FLASH_Erase_Sector
 .text.FLASH_FlushCaches
                0x08008664       0x8c ./Drivers/STM32F4xx_HAL_Driver/Src/stm32f4xx_hal_flash_ex.o
                0x08008664                FLASH_FlushCaches
 .text.HAL_GPIO_Init
                0x080086f0      0x328 ./Drivers/STM32F4xx_HAL_Driver/Src/stm32f4xx_hal_gpio.o
                0x080086f0                HAL_GPIO_Init
 .text.HAL_GPIO_ReadPin
                0x08008a18       0x30 ./Drivers/STM32F4xx_HAL_Driver/Src/stm32f4xx_hal_gpio.o
                0x08008a18                HAL_GPIO_ReadPin
 .text.HAL_GPIO_WritePin
                0x08008a48       0x32 ./Drivers/STM32F4xx_HAL_Driver/Src/stm32f4xx_hal_gpio.o
                0x08008a48                HAL_GPIO_WritePin
 .text.HAL_GPIO_TogglePin
                0x08008a7a       0x34 ./Drivers/STM32F4xx_HAL_Driver/Src/stm32f4xx_hal_gpio.o
                0x08008a7a                HAL_GPIO_TogglePin
 *fill*         0x08008aae        0x2 
 .text.HAL_GPIO_EXTI_IRQHandler
                0x08008ab0       0x30 ./Drivers/STM32F4xx_HAL_Driver/Src/stm32f4xx_hal_gpio.o
                0x08008ab0                HAL_GPIO_EXTI_IRQHandler
 .text.HAL_I2C_Init
                0x08008ae0      0x288 ./Drivers/STM32F4xx_HAL_Driver/Src/stm32f4xx_hal_i2c.o
                0x08008ae0                HAL_I2C_Init
 .text.HAL_I2C_Mem_Write
                0x08008d68      0x1f4 ./Drivers/STM32F4xx_HAL_Driver/Src/stm32f4xx_hal_i2c.o
                0x08008d68                HAL_I2C_Mem_Write
 .text.HAL_I2C_Mem_Read
                0x08008f5c      0x464 ./Drivers/STM32F4xx_HAL_Driver/Src/stm32f4xx_hal_i2c.o
                0x08008f5c                HAL_I2C_Mem_Read
 .text.I2C_RequestMemoryWrite
                0x080093c0      0x12c ./Drivers/STM32F4xx_HAL_Driver/Src/stm32f4xx_hal_i2c.o
 .text.I2C_RequestMemoryRead
                0x080094ec      0x1d0 ./Drivers/STM32F4xx_HAL_Driver/Src/stm32f4xx_hal_i2c.o
 .text.I2C_WaitOnFlagUntilTimeout
                0x080096bc       0xf4 ./Drivers/STM32F4xx_HAL_Driver/Src/stm32f4xx_hal_i2c.o
 .text.I2C_WaitOnMasterAddressFlagUntilTimeout
                0x080097b0      0x140 ./Drivers/STM32F4xx_HAL_Driver/Src/stm32f4xx_hal_i2c.o
 .text.I2C_WaitOnTXEFlagUntilTimeout
                0x080098f0       0x90 ./Drivers/STM32F4xx_HAL_Driver/Src/stm32f4xx_hal_i2c.o
 .text.I2C_WaitOnBTFFlagUntilTimeout
                0x08009980       0x90 ./Drivers/STM32F4xx_HAL_Driver/Src/stm32f4xx_hal_i2c.o
 .text.I2C_WaitOnRXNEFlagUntilTimeout
                0x08009a10       0xba ./Drivers/STM32F4xx_HAL_Driver/Src/stm32f4xx_hal_i2c.o
 .text.I2C_IsAcknowledgeFailed
                0x08009aca       0x5e ./Drivers/STM32F4xx_HAL_Driver/Src/stm32f4xx_hal_i2c.o
 .text.HAL_IWDG_Init
                0x08009b28       0x84 ./Drivers/STM32F4xx_HAL_Driver/Src/stm32f4xx_hal_iwdg.o
                0x08009b28                HAL_IWDG_Init
 .text.HAL_IWDG_Refresh
                0x08009bac       0x20 ./Drivers/STM32F4xx_HAL_Driver/Src/stm32f4xx_hal_iwdg.o
                0x08009bac                HAL_IWDG_Refresh
 .text.HAL_RCC_ClockConfig
                0x08009bcc      0x1cc ./Drivers/STM32F4xx_HAL_Driver/Src/stm32f4xx_hal_rcc.o
                0x08009bcc                HAL_RCC_ClockConfig
 .text.HAL_RCC_GetHCLKFreq
                0x08009d98       0x18 ./Drivers/STM32F4xx_HAL_Driver/Src/stm32f4xx_hal_rcc.o
                0x08009d98                HAL_RCC_GetHCLKFreq
 .text.HAL_RCC_GetPCLK1Freq
                0x08009db0       0x28 ./Drivers/STM32F4xx_HAL_Driver/Src/stm32f4xx_hal_rcc.o
                0x08009db0                HAL_RCC_GetPCLK1Freq
 .text.HAL_RCC_GetPCLK2Freq
                0x08009dd8       0x28 ./Drivers/STM32F4xx_HAL_Driver/Src/stm32f4xx_hal_rcc.o
                0x08009dd8                HAL_RCC_GetPCLK2Freq
 .text.HAL_RCC_GetClockConfig
                0x08009e00       0x64 ./Drivers/STM32F4xx_HAL_Driver/Src/stm32f4xx_hal_rcc.o
                0x08009e00                HAL_RCC_GetClockConfig
 .text.HAL_RCC_GetSysClockFreq
                0x08009e64      0x460 ./Drivers/STM32F4xx_HAL_Driver/Src/stm32f4xx_hal_rcc_ex.o
                0x08009e64                HAL_RCC_GetSysClockFreq
 .text.HAL_RCC_OscConfig
                0x0800a2c4      0x53c ./Drivers/STM32F4xx_HAL_Driver/Src/stm32f4xx_hal_rcc_ex.o
                0x0800a2c4                HAL_RCC_OscConfig
 .text.HAL_SPI_Init
                0x0800a800      0x112 ./Drivers/STM32F4xx_HAL_Driver/Src/stm32f4xx_hal_spi.o
                0x0800a800                HAL_SPI_Init
 .text.HAL_SPI_Transmit
                0x0800a912      0x288 ./Drivers/STM32F4xx_HAL_Driver/Src/stm32f4xx_hal_spi.o
                0x0800a912                HAL_SPI_Transmit
 *fill*         0x0800ab9a        0x2 
 .text.HAL_SPI_Transmit_DMA
                0x0800ab9c      0x164 ./Drivers/STM32F4xx_HAL_Driver/Src/stm32f4xx_hal_spi.o
                0x0800ab9c                HAL_SPI_Transmit_DMA
 .text.HAL_SPI_TxHalfCpltCallback
                0x0800ad00       0x14 ./Drivers/STM32F4xx_HAL_Driver/Src/stm32f4xx_hal_spi.o
                0x0800ad00                HAL_SPI_TxHalfCpltCallback
 .text.HAL_SPI_ErrorCallback
                0x0800ad14       0x14 ./Drivers/STM32F4xx_HAL_Driver/Src/stm32f4xx_hal_spi.o
                0x0800ad14                HAL_SPI_ErrorCallback
 .text.SPI_DMATransmitCplt
                0x0800ad28       0xa8 ./Drivers/STM32F4xx_HAL_Driver/Src/stm32f4xx_hal_spi.o
 .text.SPI_DMAHalfTransmitCplt
                0x0800add0       0x1c ./Drivers/STM32F4xx_HAL_Driver/Src/stm32f4xx_hal_spi.o
 .text.SPI_DMAError
                0x0800adec       0x40 ./Drivers/STM32F4xx_HAL_Driver/Src/stm32f4xx_hal_spi.o
 .text.SPI_WaitFlagStateUntilTimeout
                0x0800ae2c      0x110 ./Drivers/STM32F4xx_HAL_Driver/Src/stm32f4xx_hal_spi.o
 .text.SPI_EndRxTxTransaction
                0x0800af3c       0xa8 ./Drivers/STM32F4xx_HAL_Driver/Src/stm32f4xx_hal_spi.o
 .text.HAL_TIM_Base_Init
                0x0800afe4       0x9e ./Drivers/STM32F4xx_HAL_Driver/Src/stm32f4xx_hal_tim.o
                0x0800afe4                HAL_TIM_Base_Init
 *fill*         0x0800b082        0x2 
 .text.HAL_TIM_Base_Start
                0x0800b084       0xd0 ./Drivers/STM32F4xx_HAL_Driver/Src/stm32f4xx_hal_tim.o
                0x0800b084                HAL_TIM_Base_Start
 .text.HAL_TIM_Base_Start_IT
                0x0800b154       0xe0 ./Drivers/STM32F4xx_HAL_Driver/Src/stm32f4xx_hal_tim.o
                0x0800b154                HAL_TIM_Base_Start_IT
 .text.HAL_TIM_IRQHandler
                0x0800b234      0x1e0 ./Drivers/STM32F4xx_HAL_Driver/Src/stm32f4xx_hal_tim.o
                0x0800b234                HAL_TIM_IRQHandler
 .text.HAL_TIM_ConfigClockSource
                0x0800b414      0x18e ./Drivers/STM32F4xx_HAL_Driver/Src/stm32f4xx_hal_tim.o
                0x0800b414                HAL_TIM_ConfigClockSource
 .text.HAL_TIM_OC_DelayElapsedCallback
                0x0800b5a2       0x14 ./Drivers/STM32F4xx_HAL_Driver/Src/stm32f4xx_hal_tim.o
                0x0800b5a2                HAL_TIM_OC_DelayElapsedCallback
 .text.HAL_TIM_IC_CaptureCallback
                0x0800b5b6       0x14 ./Drivers/STM32F4xx_HAL_Driver/Src/stm32f4xx_hal_tim.o
                0x0800b5b6                HAL_TIM_IC_CaptureCallback
 .text.HAL_TIM_PWM_PulseFinishedCallback
                0x0800b5ca       0x14 ./Drivers/STM32F4xx_HAL_Driver/Src/stm32f4xx_hal_tim.o
                0x0800b5ca                HAL_TIM_PWM_PulseFinishedCallback
 .text.HAL_TIM_TriggerCallback
                0x0800b5de       0x14 ./Drivers/STM32F4xx_HAL_Driver/Src/stm32f4xx_hal_tim.o
                0x0800b5de                HAL_TIM_TriggerCallback
 *fill*         0x0800b5f2        0x2 
 .text.TIM_Base_SetConfig
                0x0800b5f4      0x158 ./Drivers/STM32F4xx_HAL_Driver/Src/stm32f4xx_hal_tim.o
                0x0800b5f4                TIM_Base_SetConfig
 .text.TIM_TI1_ConfigInputStage
                0x0800b74c       0x5e ./Drivers/STM32F4xx_HAL_Driver/Src/stm32f4xx_hal_tim.o
 .text.TIM_TI2_ConfigInputStage
                0x0800b7aa       0x60 ./Drivers/STM32F4xx_HAL_Driver/Src/stm32f4xx_hal_tim.o
 .text.TIM_ITRx_SetConfig
                0x0800b80a       0x36 ./Drivers/STM32F4xx_HAL_Driver/Src/stm32f4xx_hal_tim.o
 .text.TIM_ETR_SetConfig
                0x0800b840       0x40 ./Drivers/STM32F4xx_HAL_Driver/Src/stm32f4xx_hal_tim.o
                0x0800b840                TIM_ETR_SetConfig
 .text.HAL_TIMEx_MasterConfigSynchronization
                0x0800b880       0xf8 ./Drivers/STM32F4xx_HAL_Driver/Src/stm32f4xx_hal_tim_ex.o
                0x0800b880                HAL_TIMEx_MasterConfigSynchronization
 .text.HAL_TIMEx_CommutCallback
                0x0800b978       0x14 ./Drivers/STM32F4xx_HAL_Driver/Src/stm32f4xx_hal_tim_ex.o
                0x0800b978                HAL_TIMEx_CommutCallback
 .text.HAL_TIMEx_BreakCallback
                0x0800b98c       0x14 ./Drivers/STM32F4xx_HAL_Driver/Src/stm32f4xx_hal_tim_ex.o
                0x0800b98c                HAL_TIMEx_BreakCallback
 .text.HAL_UART_Init
                0x0800b9a0       0xa0 ./Drivers/STM32F4xx_HAL_Driver/Src/stm32f4xx_hal_uart.o
                0x0800b9a0                HAL_UART_Init
 .text.HAL_UART_Transmit
                0x0800ba40      0x116 ./Drivers/STM32F4xx_HAL_Driver/Src/stm32f4xx_hal_uart.o
                0x0800ba40                HAL_UART_Transmit
 .text.HAL_UART_Receive
                0x0800bb56      0x12e ./Drivers/STM32F4xx_HAL_Driver/Src/stm32f4xx_hal_uart.o
                0x0800bb56                HAL_UART_Receive
 .text.UART_WaitOnFlagUntilTimeout
                0x0800bc84       0xb2 ./Drivers/STM32F4xx_HAL_Driver/Src/stm32f4xx_hal_uart.o
 .text.UART_EndRxTransfer
                0x0800bd36       0xc6 ./Drivers/STM32F4xx_HAL_Driver/Src/stm32f4xx_hal_uart.o
 .text.UART_SetConfig
                0x0800bdfc      0x4e8 ./Drivers/STM32F4xx_HAL_Driver/Src/stm32f4xx_hal_uart.o
 .text.makeFreeRtosPriority
                0x0800c2e4       0x30 ./Middlewares/Third_Party/FreeRTOS/Source/CMSIS_RTOS/cmsis_os.o
 .text.osKernelStart
                0x0800c314        0xe ./Middlewares/Third_Party/FreeRTOS/Source/CMSIS_RTOS/cmsis_os.o
                0x0800c314                osKernelStart
 .text.osThreadCreate
                0x0800c322       0x98 ./Middlewares/Third_Party/FreeRTOS/Source/CMSIS_RTOS/cmsis_os.o
                0x0800c322                osThreadCreate
 .text.osDelay  0x0800c3ba       0x28 ./Middlewares/Third_Party/FreeRTOS/Source/CMSIS_RTOS/cmsis_os.o
                0x0800c3ba                osDelay
 .text.vListInitialise
                0x0800c3e2       0x40 ./Middlewares/Third_Party/FreeRTOS/Source/list.o
                0x0800c3e2                vListInitialise
 .text.vListInitialiseItem
                0x0800c422       0x1a ./Middlewares/Third_Party/FreeRTOS/Source/list.o
                0x0800c422                vListInitialiseItem
 .text.vListInsertEnd
                0x0800c43c       0x48 ./Middlewares/Third_Party/FreeRTOS/Source/list.o
                0x0800c43c                vListInsertEnd
 .text.vListInsert
                0x0800c484       0x72 ./Middlewares/Third_Party/FreeRTOS/Source/list.o
                0x0800c484                vListInsert
 .text.uxListRemove
                0x0800c4f6       0x54 ./Middlewares/Third_Party/FreeRTOS/Source/list.o
                0x0800c4f6                uxListRemove
 *fill*         0x0800c54a        0x2 
 .text.xQueueGenericReset
                0x0800c54c       0xd4 ./Middlewares/Third_Party/FreeRTOS/Source/queue.o
                0x0800c54c                xQueueGenericReset
 .text.xQueueGenericCreate
                0x0800c620       0x76 ./Middlewares/Third_Party/FreeRTOS/Source/queue.o
                0x0800c620                xQueueGenericCreate
 .text.prvInitialiseNewQueue
                0x0800c696       0x46 ./Middlewares/Third_Party/FreeRTOS/Source/queue.o
 .text.prvInitialiseMutex
                0x0800c6dc       0x34 ./Middlewares/Third_Party/FreeRTOS/Source/queue.o
 .text.xQueueCreateMutex
                0x0800c710       0x30 ./Middlewares/Third_Party/FreeRTOS/Source/queue.o
                0x0800c710                xQueueCreateMutex
 .text.xQueueGenericSend
                0x0800c740      0x204 ./Middlewares/Third_Party/FreeRTOS/Source/queue.o
                0x0800c740                xQueueGenericSend
 .text.xQueueReceive
                0x0800c944      0x1c4 ./Middlewares/Third_Party/FreeRTOS/Source/queue.o
                0x0800c944                xQueueReceive
 .text.xQueueSemaphoreTake
                0x0800cb08      0x220 ./Middlewares/Third_Party/FreeRTOS/Source/queue.o
                0x0800cb08                xQueueSemaphoreTake
 .text.xQueuePeek
                0x0800cd28      0x1c8 ./Middlewares/Third_Party/FreeRTOS/Source/queue.o
                0x0800cd28                xQueuePeek
 .text.prvGetDisinheritPriorityAfterTimeout
                0x0800cef0       0x30 ./Middlewares/Third_Party/FreeRTOS/Source/queue.o
 .text.prvCopyDataToQueue
                0x0800cf20       0xd4 ./Middlewares/Third_Party/FreeRTOS/Source/queue.o
 .text.prvCopyDataFromQueue
                0x0800cff4       0x4c ./Middlewares/Third_Party/FreeRTOS/Source/queue.o
 .text.prvUnlockQueue
                0x0800d040       0xa4 ./Middlewares/Third_Party/FreeRTOS/Source/queue.o
 .text.prvIsQueueEmpty
                0x0800d0e4       0x2c ./Middlewares/Third_Party/FreeRTOS/Source/queue.o
 .text.prvIsQueueFull
                0x0800d110       0x30 ./Middlewares/Third_Party/FreeRTOS/Source/queue.o
 .text.xTaskCreateStatic
                0x0800d140       0xc0 ./Middlewares/Third_Party/FreeRTOS/Source/tasks.o
                0x0800d140                xTaskCreateStatic
 .text.xTaskCreate
                0x0800d200       0x8a ./Middlewares/Third_Party/FreeRTOS/Source/tasks.o
                0x0800d200                xTaskCreate
 *fill*         0x0800d28a        0x2 
 .text.prvInitialiseNewTask
                0x0800d28c      0x150 ./Middlewares/Third_Party/FreeRTOS/Source/tasks.o
 .text.prvAddNewTaskToReadyList
                0x0800d3dc       0xdc ./Middlewares/Third_Party/FreeRTOS/Source/tasks.o
 .text.vTaskDelayUntil
                0x0800d4b8      0x100 ./Middlewares/Third_Party/FreeRTOS/Source/tasks.o
                0x0800d4b8                vTaskDelayUntil
 .text.vTaskDelay
                0x0800d5b8       0x6c ./Middlewares/Third_Party/FreeRTOS/Source/tasks.o
                0x0800d5b8                vTaskDelay
 .text.vTaskStartScheduler
                0x0800d624       0xd4 ./Middlewares/Third_Party/FreeRTOS/Source/tasks.o
                0x0800d624                vTaskStartScheduler
 .text.vTaskSuspendAll
                0x0800d6f8       0x1c ./Middlewares/Third_Party/FreeRTOS/Source/tasks.o
                0x0800d6f8                vTaskSuspendAll
 .text.xTaskResumeAll
                0x0800d714      0x13c ./Middlewares/Third_Party/FreeRTOS/Source/tasks.o
                0x0800d714                xTaskResumeAll
 .text.xTaskGetTickCount
                0x0800d850       0x20 ./Middlewares/Third_Party/FreeRTOS/Source/tasks.o
                0x0800d850                xTaskGetTickCount
 .text.xTaskIncrementTick
                0x0800d870      0x174 ./Middlewares/Third_Party/FreeRTOS/Source/tasks.o
                0x0800d870                xTaskIncrementTick
 .text.vTaskSwitchContext
                0x0800d9e4      0x110 ./Middlewares/Third_Party/FreeRTOS/Source/tasks.o
                0x0800d9e4                vTaskSwitchContext
 .text.vTaskPlaceOnEventList
                0x0800daf4       0x4c ./Middlewares/Third_Party/FreeRTOS/Source/tasks.o
                0x0800daf4                vTaskPlaceOnEventList
 .text.xTaskRemoveFromEventList
                0x0800db40       0xc8 ./Middlewares/Third_Party/FreeRTOS/Source/tasks.o
                0x0800db40                xTaskRemoveFromEventList
 .text.vTaskInternalSetTimeOutState
                0x0800dc08       0x2c ./Middlewares/Third_Party/FreeRTOS/Source/tasks.o
                0x0800dc08                vTaskInternalSetTimeOutState
 .text.xTaskCheckForTimeOut
                0x0800dc34       0xc8 ./Middlewares/Third_Party/FreeRTOS/Source/tasks.o
                0x0800dc34                xTaskCheckForTimeOut
 .text.vTaskMissedYield
                0x0800dcfc       0x18 ./Middlewares/Third_Party/FreeRTOS/Source/tasks.o
                0x0800dcfc                vTaskMissedYield
 .text.prvIdleTask
                0x0800dd14       0x30 ./Middlewares/Third_Party/FreeRTOS/Source/tasks.o
 .text.prvInitialiseTaskLists
                0x0800dd44       0x80 ./Middlewares/Third_Party/FreeRTOS/Source/tasks.o
 .text.prvCheckTasksWaitingTermination
                0x0800ddc4       0x5c ./Middlewares/Third_Party/FreeRTOS/Source/tasks.o
 .text.prvTaskCheckFreeStackSpace
                0x0800de20       0x38 ./Middlewares/Third_Party/FreeRTOS/Source/tasks.o
 .text.uxTaskGetStackHighWaterMark
                0x0800de58       0x38 ./Middlewares/Third_Party/FreeRTOS/Source/tasks.o
                0x0800de58                uxTaskGetStackHighWaterMark
 .text.prvDeleteTCB
                0x0800de90       0x6a ./Middlewares/Third_Party/FreeRTOS/Source/tasks.o
 *fill*         0x0800defa        0x2 
 .text.prvResetNextTaskUnblockTime
                0x0800defc       0x40 ./Middlewares/Third_Party/FreeRTOS/Source/tasks.o
 .text.xTaskGetCurrentTaskHandle
                0x0800df3c       0x20 ./Middlewares/Third_Party/FreeRTOS/Source/tasks.o
                0x0800df3c                xTaskGetCurrentTaskHandle
 .text.xTaskGetSchedulerState
                0x0800df5c       0x3c ./Middlewares/Third_Party/FreeRTOS/Source/tasks.o
                0x0800df5c                xTaskGetSchedulerState
 .text.xTaskPriorityInherit
                0x0800df98       0xec ./Middlewares/Third_Party/FreeRTOS/Source/tasks.o
                0x0800df98                xTaskPriorityInherit
 .text.xTaskPriorityDisinherit
                0x0800e084      0x110 ./Middlewares/Third_Party/FreeRTOS/Source/tasks.o
                0x0800e084                xTaskPriorityDisinherit
 .text.vTaskPriorityDisinheritAfterTimeout
                0x0800e194      0x120 ./Middlewares/Third_Party/FreeRTOS/Source/tasks.o
                0x0800e194                vTaskPriorityDisinheritAfterTimeout
 .text.pvTaskIncrementMutexHeldCount
                0x0800e2b4       0x28 ./Middlewares/Third_Party/FreeRTOS/Source/tasks.o
                0x0800e2b4                pvTaskIncrementMutexHeldCount
 .text.ulTaskNotifyTake
                0x0800e2dc       0x98 ./Middlewares/Third_Party/FreeRTOS/Source/tasks.o
                0x0800e2dc                ulTaskNotifyTake
 .text.xTaskNotifyWait
                0x0800e374       0xc0 ./Middlewares/Third_Party/FreeRTOS/Source/tasks.o
                0x0800e374                xTaskNotifyWait
 .text.xTaskGenericNotify
                0x0800e434      0x184 ./Middlewares/Third_Party/FreeRTOS/Source/tasks.o
                0x0800e434                xTaskGenericNotify
 .text.vTaskNotifyGiveFromISR
                0x0800e5b8      0x12c ./Middlewares/Third_Party/FreeRTOS/Source/tasks.o
                0x0800e5b8                vTaskNotifyGiveFromISR
 .text.prvAddCurrentTaskToDelayedList
                0x0800e6e4       0xcc ./Middlewares/Third_Party/FreeRTOS/Source/tasks.o
 .text.pxPortInitialiseStack
                0x0800e7b0       0x68 ./Middlewares/Third_Party/FreeRTOS/Source/portable/GCC/ARM_CM4F/port.o
                0x0800e7b0                pxPortInitialiseStack
 .text.prvTaskExitError
                0x0800e818       0x5c ./Middlewares/Third_Party/FreeRTOS/Source/portable/GCC/ARM_CM4F/port.o
 *fill*         0x0800e874        0xc 
 .text.SVC_Handler
                0x0800e880       0x28 ./Middlewares/Third_Party/FreeRTOS/Source/portable/GCC/ARM_CM4F/port.o
                0x0800e880                SVC_Handler
 .text.prvPortStartFirstTask
                0x0800e8a8       0x28 ./Middlewares/Third_Party/FreeRTOS/Source/portable/GCC/ARM_CM4F/port.o
 .text.xPortStartScheduler
                0x0800e8d0      0x148 ./Middlewares/Third_Party/FreeRTOS/Source/portable/GCC/ARM_CM4F/port.o
                0x0800e8d0                xPortStartScheduler
 .text.vPortEnterCritical
                0x0800ea18       0x64 ./Middlewares/Third_Party/FreeRTOS/Source/portable/GCC/ARM_CM4F/port.o
                0x0800ea18                vPortEnterCritical
 .text.vPortExitCritical
                0x0800ea7c       0x54 ./Middlewares/Third_Party/FreeRTOS/Source/portable/GCC/ARM_CM4F/port.o
                0x0800ea7c                vPortExitCritical
 .text.PendSV_Handler
                0x0800ead0       0x68 ./Middlewares/Third_Party/FreeRTOS/Source/portable/GCC/ARM_CM4F/port.o
                0x0800ead0                PendSV_Handler
 .text.SysTick_Handler
                0x0800eb38       0x44 ./Middlewares/Third_Party/FreeRTOS/Source/portable/GCC/ARM_CM4F/port.o
                0x0800eb38                SysTick_Handler
 .text.vPortSetupTimerInterrupt
                0x0800eb7c       0x48 ./Middlewares/Third_Party/FreeRTOS/Source/portable/GCC/ARM_CM4F/port.o
                0x0800eb7c                vPortSetupTimerInterrupt
 .text.vPortEnableVFP
                0x0800ebc4       0x14 ./Middlewares/Third_Party/FreeRTOS/Source/portable/GCC/ARM_CM4F/port.o
 .text.vPortValidateInterruptPriority
                0x0800ebd8       0x84 ./Middlewares/Third_Party/FreeRTOS/Source/portable/GCC/ARM_CM4F/port.o
                0x0800ebd8                vPortValidateInterruptPriority
 .text.pvPortMalloc
                0x0800ec5c      0x19c ./Middlewares/Third_Party/FreeRTOS/Source/portable/MemMang/heap_4.o
                0x0800ec5c                pvPortMalloc
 .text.vPortFree
                0x0800edf8       0xc8 ./Middlewares/Third_Party/FreeRTOS/Source/portable/MemMang/heap_4.o
                0x0800edf8                vPortFree
 .text.xPortGetFreeHeapSize
                0x0800eec0       0x18 ./Middlewares/Third_Party/FreeRTOS/Source/portable/MemMang/heap_4.o
                0x0800eec0                xPortGetFreeHeapSize
 .text.xPortGetMinimumEverFreeHeapSize
                0x0800eed8       0x18 ./Middlewares/Third_Party/FreeRTOS/Source/portable/MemMang/heap_4.o
                0x0800eed8                xPortGetMinimumEverFreeHeapSize
 .text.prvHeapInit
                0x0800eef0       0xc4 ./Middlewares/Third_Party/FreeRTOS/Source/portable/MemMang/heap_4.o
 .text.prvInsertBlockIntoFreeList
                0x0800efb4       0xb4 ./Middlewares/Third_Party/FreeRTOS/Source/portable/MemMang/heap_4.o
 .text._ZdaPv   0x0800f068        0x4 C:/ST/STM32CubeIDE_1.18.1/STM32CubeIDE/plugins/com.st.stm32cube.ide.mcu.externaltools.gnu-tools-for-stm32.13.3.rel1.win32_1.0.0.202411081344/tools/bin/../lib/gcc/arm-none-eabi/13.3.1/../../../../arm-none-eabi/lib/thumb/v7e-m+fp/hard\libstdc++_nano.a(del_opv.o)
                0x0800f068                operator delete[](void*)
 .text.__cxa_guard_acquire
                0x0800f06c       0x18 C:/ST/STM32CubeIDE_1.18.1/STM32CubeIDE/plugins/com.st.stm32cube.ide.mcu.externaltools.gnu-tools-for-stm32.13.3.rel1.win32_1.0.0.202411081344/tools/bin/../lib/gcc/arm-none-eabi/13.3.1/../../../../arm-none-eabi/lib/thumb/v7e-m+fp/hard\libstdc++_nano.a(guard.o)
                0x0800f06c                __cxa_guard_acquire
 .text.__cxa_guard_release
                0x0800f084        0x6 C:/ST/STM32CubeIDE_1.18.1/STM32CubeIDE/plugins/com.st.stm32cube.ide.mcu.externaltools.gnu-tools-for-stm32.13.3.rel1.win32_1.0.0.202411081344/tools/bin/../lib/gcc/arm-none-eabi/13.3.1/../../../../arm-none-eabi/lib/thumb/v7e-m+fp/hard\libstdc++_nano.a(guard.o)
                0x0800f084                __cxa_guard_release
 .text._Znwj    0x0800f08a       0x22 C:/ST/STM32CubeIDE_1.18.1/STM32CubeIDE/plugins/com.st.stm32cube.ide.mcu.externaltools.gnu-tools-for-stm32.13.3.rel1.win32_1.0.0.202411081344/tools/bin/../lib/gcc/arm-none-eabi/13.3.1/../../../../arm-none-eabi/lib/thumb/v7e-m+fp/hard\libstdc++_nano.a(new_op.o)
                0x0800f08a                operator new(unsigned int)
 .text._Znaj    0x0800f0ac        0x4 C:/ST/STM32CubeIDE_1.18.1/STM32CubeIDE/plugins/com.st.stm32cube.ide.mcu.externaltools.gnu-tools-for-stm32.13.3.rel1.win32_1.0.0.202411081344/tools/bin/../lib/gcc/arm-none-eabi/13.3.1/../../../../arm-none-eabi/lib/thumb/v7e-m+fp/hard\libstdc++_nano.a(new_opv.o)
                0x0800f0ac                operator new[](unsigned int)
 .text._ZdlPv   0x0800f0b0        0x4 C:/ST/STM32CubeIDE_1.18.1/STM32CubeIDE/plugins/com.st.stm32cube.ide.mcu.externaltools.gnu-tools-for-stm32.13.3.rel1.win32_1.0.0.202411081344/tools/bin/../lib/gcc/arm-none-eabi/13.3.1/../../../../arm-none-eabi/lib/thumb/v7e-m+fp/hard\libstdc++_nano.a(del_op.o)
                0x0800f0b0                operator delete(void*)
 .text._ZSt15get_new_handlerv
                0x0800f0b4       0x10 C:/ST/STM32CubeIDE_1.18.1/STM32CubeIDE/plugins/com.st.stm32cube.ide.mcu.externaltools.gnu-tools-for-stm32.13.3.rel1.win32_1.0.0.202411081344/tools/bin/../lib/gcc/arm-none-eabi/13.3.1/../../../../arm-none-eabi/lib/thumb/v7e-m+fp/hard\libstdc++_nano.a(new_handler.o)
                0x0800f0b4                std::get_new_handler()
 .text.powf     0x0800f0c4       0xae C:/ST/STM32CubeIDE_1.18.1/STM32CubeIDE/plugins/com.st.stm32cube.ide.mcu.externaltools.gnu-tools-for-stm32.13.3.rel1.win32_1.0.0.202411081344/tools/bin/../lib/gcc/arm-none-eabi/13.3.1/../../../../arm-none-eabi/lib/thumb/v7e-m+fp/hard\libm.a(libm_a-wf_pow.o)
                0x0800f0c4                powf
 .text.finitef  0x0800f172       0x14 C:/ST/STM32CubeIDE_1.18.1/STM32CubeIDE/plugins/com.st.stm32cube.ide.mcu.externaltools.gnu-tools-for-stm32.13.3.rel1.win32_1.0.0.202411081344/tools/bin/../lib/gcc/arm-none-eabi/13.3.1/../../../../arm-none-eabi/lib/thumb/v7e-m+fp/hard\libm.a(libm_a-sf_finite.o)
                0x0800f172                finitef
 *fill*         0x0800f186        0x2 
 .text.round    0x0800f188       0x8c C:/ST/STM32CubeIDE_1.18.1/STM32CubeIDE/plugins/com.st.stm32cube.ide.mcu.externaltools.gnu-tools-for-stm32.13.3.rel1.win32_1.0.0.202411081344/tools/bin/../lib/gcc/arm-none-eabi/13.3.1/../../../../arm-none-eabi/lib/thumb/v7e-m+fp/hard\libm.a(libm_a-s_round.o)
                0x0800f188                round
 .text.__ieee754_powf
                0x0800f214      0x59c C:/ST/STM32CubeIDE_1.18.1/STM32CubeIDE/plugins/com.st.stm32cube.ide.mcu.externaltools.gnu-tools-for-stm32.13.3.rel1.win32_1.0.0.202411081344/tools/bin/../lib/gcc/arm-none-eabi/13.3.1/../../../../arm-none-eabi/lib/thumb/v7e-m+fp/hard\libm.a(libm_a-ef_pow.o)
                0x0800f214                __ieee754_powf
 .text.fabsf    0x0800f7b0        0xe C:/ST/STM32CubeIDE_1.18.1/STM32CubeIDE/plugins/com.st.stm32cube.ide.mcu.externaltools.gnu-tools-for-stm32.13.3.rel1.win32_1.0.0.202411081344/tools/bin/../lib/gcc/arm-none-eabi/13.3.1/../../../../arm-none-eabi/lib/thumb/v7e-m+fp/hard\libm.a(libm_a-sf_fabs.o)
                0x0800f7b0                fabsf
 *fill*         0x0800f7be        0x2 
 .text.scalbnf  0x0800f7c0       0xcc C:/ST/STM32CubeIDE_1.18.1/STM32CubeIDE/plugins/com.st.stm32cube.ide.mcu.externaltools.gnu-tools-for-stm32.13.3.rel1.win32_1.0.0.202411081344/tools/bin/../lib/gcc/arm-none-eabi/13.3.1/../../../../arm-none-eabi/lib/thumb/v7e-m+fp/hard\libm.a(libm_a-sf_scalbn.o)
                0x0800f7c0                scalbnf
 .text.with_errnof
                0x0800f88c       0x1c C:/ST/STM32CubeIDE_1.18.1/STM32CubeIDE/plugins/com.st.stm32cube.ide.mcu.externaltools.gnu-tools-for-stm32.13.3.rel1.win32_1.0.0.202411081344/tools/bin/../lib/gcc/arm-none-eabi/13.3.1/../../../../arm-none-eabi/lib/thumb/v7e-m+fp/hard\libm.a(libm_a-math_errf.o)
 .text.xflowf   0x0800f8a8       0x16 C:/ST/STM32CubeIDE_1.18.1/STM32CubeIDE/plugins/com.st.stm32cube.ide.mcu.externaltools.gnu-tools-for-stm32.13.3.rel1.win32_1.0.0.202411081344/tools/bin/../lib/gcc/arm-none-eabi/13.3.1/../../../../arm-none-eabi/lib/thumb/v7e-m+fp/hard\libm.a(libm_a-math_errf.o)
 *fill*         0x0800f8be        0x2 
 .text.__math_uflowf
                0x0800f8c0        0xc C:/ST/STM32CubeIDE_1.18.1/STM32CubeIDE/plugins/com.st.stm32cube.ide.mcu.externaltools.gnu-tools-for-stm32.13.3.rel1.win32_1.0.0.202411081344/tools/bin/../lib/gcc/arm-none-eabi/13.3.1/../../../../arm-none-eabi/lib/thumb/v7e-m+fp/hard\libm.a(libm_a-math_errf.o)
                0x0800f8c0                __math_uflowf
 .text.__math_oflowf
                0x0800f8cc        0xc C:/ST/STM32CubeIDE_1.18.1/STM32CubeIDE/plugins/com.st.stm32cube.ide.mcu.externaltools.gnu-tools-for-stm32.13.3.rel1.win32_1.0.0.202411081344/tools/bin/../lib/gcc/arm-none-eabi/13.3.1/../../../../arm-none-eabi/lib/thumb/v7e-m+fp/hard\libm.a(libm_a-math_errf.o)
                0x0800f8cc                __math_oflowf
 .text.__ieee754_sqrtf