../Drivers/CMSIS/Include/core_cm4.h:1938:34:void __NVIC_SystemReset()	4	static,ignoring_inline_asm
../Core/Inc/watchdog.h:32:5:WatchdogManager::WatchdogManager()	16	static
../Core/Src/watchdog.cpp:11:18:static WatchdogManager& WatchdogManager::instance()	8	static
../Core/Src/watchdog.cpp:16:6:void WatchdogManager::registerTask(const char*, TaskHandle_t, uint32_t)	24	static
../Core/Src/watchdog.cpp:30:6:void WatchdogManager::notifyAlive(const char*)	24	static
../Core/Src/watchdog.cpp:40:6:void WatchdogManager::watchdogTask()	48	static
../Core/Src/watchdog.cpp:75:6:void StartWatchdogTask(void*)	16	static
C:\ST\STM32CubeIDE_1.18.1\STM32CubeIDE\plugins\com.st.stm32cube.ide.mcu.externaltools.gnu-tools-for-stm32.13.3.rel1.win32_1.0.0.202411081344\tools\bin/../lib/gcc/arm-none-eabi/13.3.1/../../../../arm-none-eabi/include/c++/13.3.1/array:200:7:std::array<_Tp, _Nm>::value_type& std::array<_Tp, _Nm>::operator[](size_type) [with _Tp = WatchdogManager::TaskInfo; unsigned int _Nm = 8]	16	static
